[2022-09-12T22:07:49.942+0000][8][gc] Using G1
[2022-09-12T22:07:52.986+0000][8][gc,init] Version: 16+36 (release)
[2022-09-12T22:07:52.992+0000][8][gc,init] CPUs: 2 total, 2 available
[2022-09-12T22:07:52.995+0000][8][gc,init] Memory: 4432M
[2022-09-12T22:07:52.997+0000][8][gc,init] Large Page Support: Disabled
[2022-09-12T22:07:52.999+0000][8][gc,init] NUMA Support: Disabled
[2022-09-12T22:07:53.003+0000][8][gc,init] Compressed Oops: Enabled (32-bit)
[2022-09-12T22:07:53.022+0000][8][gc,init] Heap Region Size: 4M
[2022-09-12T22:07:53.033+0000][8][gc,init] Heap Min Capacity: 512M
[2022-09-12T22:07:53.080+0000][8][gc,init] Heap Initial Capacity: 512M
[2022-09-12T22:07:53.143+0000][8][gc,init] Heap Max Capacity: 512M
[2022-09-12T22:07:53.148+0000][8][gc,init] Pre-touch: Enabled
[2022-09-12T22:07:53.154+0000][8][gc,init] Parallel Workers: 2
[2022-09-12T22:07:53.158+0000][8][gc,init] Concurrent Workers: 1
[2022-09-12T22:07:53.161+0000][8][gc,init] Concurrent Refinement Workers: 2
[2022-09-12T22:07:53.162+0000][8][gc,init] Periodic GC: Disabled
[2022-09-12T22:07:53.165+0000][8][gc,metaspace] CDS archive(s) mapped at: [0x0000000800000000-0x0000000800bea000-0x0000000800bea000), size 12492800, SharedBaseAddress: 0x0000000800000000, ArchiveRelocationMode: 0.
[2022-09-12T22:07:53.168+0000][8][gc,metaspace] Compressed class space mapped at: 0x0000000800c00000-0x0000000840c00000, reserved size: 1073741824
[2022-09-12T22:07:53.169+0000][8][gc,metaspace] Narrow klass base: 0x0000000800000000, Narrow klass shift: 3, Narrow klass range: 0x100000000
[2022-09-12T22:07:54.621+0000][8][safepoint   ] Safepoint "Cleanup", Time since last: 1360812021 ns, Reaching safepoint: 53017564 ns, At safepoint: 60837 ns, Total: 53078401 ns
[2022-09-12T22:07:55.628+0000][8][safepoint   ] Safepoint "Cleanup", Time since last: 1006089733 ns, Reaching safepoint: 847689 ns, At safepoint: 62926 ns, Total: 910615 ns
[2022-09-12T22:07:56.697+0000][8][safepoint   ] Safepoint "Cleanup", Time since last: 1066149739 ns, Reaching safepoint: 2618007 ns, At safepoint: 13398 ns, Total: 2631405 ns
[2022-09-12T22:07:57.722+0000][8][safepoint   ] Safepoint "Cleanup", Time since last: 1024933576 ns, Reaching safepoint: 194857 ns, At safepoint: 5902 ns, Total: 200759 ns
[2022-09-12T22:07:58.367+0000][8][gc,start    ] GC(0) Pause Young (Normal) (G1 Evacuation Pause)
[2022-09-12T22:07:58.373+0000][8][gc,task     ] GC(0) Using 2 workers of 2 for evacuation
[2022-09-12T22:07:58.376+0000][8][gc,age      ] GC(0) Desired survivor size 2097152 bytes, new threshold 15 (max threshold 15)
[2022-09-12T22:07:58.419+0000][8][gc,age      ] GC(0) Age table with threshold 15 (max threshold 15)
[2022-09-12T22:07:58.421+0000][8][gc,age      ] GC(0) - age   1:    4166624 bytes,    4166624 total
[2022-09-12T22:07:58.433+0000][8][gc,phases   ] GC(0)   Pre Evacuate Collection Set: 0.2ms
[2022-09-12T22:07:58.436+0000][8][gc,phases   ] GC(0)   Merge Heap Roots: 0.1ms
[2022-09-12T22:07:58.447+0000][8][gc,phases   ] GC(0)   Evacuate Collection Set: 34.4ms
[2022-09-12T22:07:58.452+0000][8][gc,phases   ] GC(0)   Post Evacuate Collection Set: 0.9ms
[2022-09-12T22:07:58.453+0000][8][gc,phases   ] GC(0)   Other: 30.7ms
[2022-09-12T22:07:58.455+0000][8][gc,heap     ] GC(0) Eden regions: 6->0(5)
[2022-09-12T22:07:58.470+0000][8][gc,heap     ] GC(0) Survivor regions: 0->1(1)
[2022-09-12T22:07:58.474+0000][8][gc,heap     ] GC(0) Old regions: 0->1
[2022-09-12T22:07:58.476+0000][8][gc,heap     ] GC(0) Archive regions: 2->2
[2022-09-12T22:07:58.483+0000][8][gc,heap     ] GC(0) Humongous regions: 0->0
[2022-09-12T22:07:58.484+0000][8][gc,metaspace] GC(0) Metaspace: 7997K(8192K)->7997K(8192K) NonClass: 7113K(7232K)->7113K(7232K) Class: 883K(960K)->883K(960K)
[2022-09-12T22:07:58.486+0000][8][gc          ] GC(0) Pause Young (Normal) (G1 Evacuation Pause) 27M->8M(512M) 118.425ms
[2022-09-12T22:07:58.487+0000][8][gc,cpu      ] GC(0) User=0.13s Sys=0.01s Real=0.12s
[2022-09-12T22:07:58.488+0000][8][safepoint   ] Safepoint "G1CollectForAllocation", Time since last: 644468393 ns, Reaching safepoint: 145706 ns, At safepoint: 121889456 ns, Total: 122035162 ns
[2022-09-12T22:08:00.099+0000][8][safepoint   ] Safepoint "Cleanup", Time since last: 1610588538 ns, Reaching safepoint: 313306 ns, At safepoint: 7218 ns, Total: 320524 ns
[2022-09-12T22:08:01.594+0000][8][safepoint   ] Safepoint "Cleanup", Time since last: 1508864997 ns, Reaching safepoint: 9810321 ns, At safepoint: 20794 ns, Total: 9831115 ns
[2022-09-12T22:08:02.647+0000][8][gc,start    ] GC(1) Pause Young (Normal) (G1 Evacuation Pause)
[2022-09-12T22:08:02.650+0000][8][gc,task     ] GC(1) Using 2 workers of 2 for evacuation
[2022-09-12T22:08:02.652+0000][8][gc,age      ] GC(1) Desired survivor size 2097152 bytes, new threshold 1 (max threshold 15)
[2022-09-12T22:08:02.699+0000][8][gc,age      ] GC(1) Age table with threshold 1 (max threshold 15)
[2022-09-12T22:08:02.702+0000][8][gc,age      ] GC(1) - age   1:    1694096 bytes,    1694096 total
[2022-09-12T22:08:02.707+0000][8][gc,phases   ] GC(1)   Pre Evacuate Collection Set: 1.9ms
[2022-09-12T22:08:02.710+0000][8][gc,phases   ] GC(1)   Merge Heap Roots: 6.9ms
[2022-09-12T22:08:02.711+0000][8][gc,phases   ] GC(1)   Evacuate Collection Set: 22.2ms
[2022-09-12T22:08:02.715+0000][8][gc,phases   ] GC(1)   Post Evacuate Collection Set: 12.0ms
[2022-09-12T22:08:02.724+0000][8][gc,phases   ] GC(1)   Other: 16.7ms
[2022-09-12T22:08:02.729+0000][8][gc,heap     ] GC(1) Eden regions: 5->0(5)
[2022-09-12T22:08:02.732+0000][8][gc,heap     ] GC(1) Survivor regions: 1->1(1)
[2022-09-12T22:08:02.735+0000][8][gc,heap     ] GC(1) Old regions: 1->2
[2022-09-12T22:08:02.738+0000][8][gc,heap     ] GC(1) Archive regions: 2->2
[2022-09-12T22:08:02.741+0000][8][gc,heap     ] GC(1) Humongous regions: 0->0
[2022-09-12T22:08:02.746+0000][8][gc,metaspace] GC(1) Metaspace: 11711K(11904K)->11711K(11904K) NonClass: 10325K(10432K)->10325K(10432K) Class: 1386K(1472K)->1386K(1472K)
[2022-09-12T22:08:02.762+0000][8][gc          ] GC(1) Pause Young (Normal) (G1 Evacuation Pause) 28M->9M(512M) 115.105ms
[2022-09-12T22:08:02.764+0000][8][gc,cpu      ] GC(1) User=0.05s Sys=0.02s Real=0.12s
[2022-09-12T22:08:02.775+0000][8][safepoint   ] Safepoint "G1CollectForAllocation", Time since last: 1052293169 ns, Reaching safepoint: 403986 ns, At safepoint: 128102928 ns, Total: 128506914 ns
[2022-09-12T22:08:04.419+0000][8][safepoint   ] Safepoint "Cleanup", Time since last: 1629301407 ns, Reaching safepoint: 5291688 ns, At safepoint: 62702 ns, Total: 5354390 ns
[2022-09-12T22:08:04.589+0000][8][gc,start    ] GC(2) Pause Young (Normal) (G1 Evacuation Pause)
[2022-09-12T22:08:04.596+0000][8][gc,task     ] GC(2) Using 2 workers of 2 for evacuation
[2022-09-12T22:08:04.598+0000][8][gc,age      ] GC(2) Desired survivor size 2097152 bytes, new threshold 15 (max threshold 15)
[2022-09-12T22:08:04.618+0000][8][gc,age      ] GC(2) Age table with threshold 15 (max threshold 15)
[2022-09-12T22:08:04.620+0000][8][gc,age      ] GC(2) - age   1:     961128 bytes,     961128 total
[2022-09-12T22:08:04.622+0000][8][gc,age      ] GC(2) - age   2:    1623976 bytes,    2585104 total
[2022-09-12T22:08:04.627+0000][8][gc,phases   ] GC(2)   Pre Evacuate Collection Set: 0.2ms
[2022-09-12T22:08:04.630+0000][8][gc,phases   ] GC(2)   Merge Heap Roots: 0.0ms
[2022-09-12T22:08:04.632+0000][8][gc,phases   ] GC(2)   Evacuate Collection Set: 17.1ms
[2022-09-12T22:08:04.633+0000][8][gc,phases   ] GC(2)   Post Evacuate Collection Set: 1.1ms
[2022-09-12T22:08:04.636+0000][8][gc,phases   ] GC(2)   Other: 19.9ms
[2022-09-12T22:08:04.638+0000][8][gc,heap     ] GC(2) Eden regions: 5->0(7)
[2022-09-12T22:08:04.645+0000][8][gc,heap     ] GC(2) Survivor regions: 1->1(1)
[2022-09-12T22:08:04.649+0000][8][gc,heap     ] GC(2) Old regions: 2->2
[2022-09-12T22:08:04.651+0000][8][gc,heap     ] GC(2) Archive regions: 2->2
[2022-09-12T22:08:04.653+0000][8][gc,heap     ] GC(2) Humongous regions: 0->0
[2022-09-12T22:08:04.655+0000][8][gc,metaspace] GC(2) Metaspace: 14029K(14208K)->14029K(14208K) NonClass: 12398K(12480K)->12398K(12480K) Class: 1630K(1728K)->1630K(1728K)
[2022-09-12T22:08:04.661+0000][8][gc          ] GC(2) Pause Young (Normal) (G1 Evacuation Pause) 29M->10M(512M) 71.918ms
[2022-09-12T22:08:04.665+0000][8][gc,cpu      ] GC(2) User=0.04s Sys=0.00s Real=0.08s
[2022-09-12T22:08:04.670+0000][8][safepoint   ] Safepoint "G1CollectForAllocation", Time since last: 178752279 ns, Reaching safepoint: 100772 ns, At safepoint: 81577255 ns, Total: 81678027 ns
[2022-09-12T22:08:05.688+0000][8][safepoint   ] Safepoint "Cleanup", Time since last: 1016051827 ns, Reaching safepoint: 1225016 ns, At safepoint: 105358 ns, Total: 1330374 ns
[2022-09-12T22:08:06.657+0000][8][gc,start    ] GC(3) Pause Young (Normal) (G1 Evacuation Pause)
[2022-09-12T22:08:06.659+0000][8][gc,task     ] GC(3) Using 2 workers of 2 for evacuation
[2022-09-12T22:08:06.662+0000][8][gc,age      ] GC(3) Desired survivor size 2097152 bytes, new threshold 2 (max threshold 15)
[2022-09-12T22:08:06.679+0000][8][gc,age      ] GC(3) Age table with threshold 2 (max threshold 15)
[2022-09-12T22:08:06.681+0000][8][gc,age      ] GC(3) - age   1:     741600 bytes,     741600 total
[2022-09-12T22:08:06.683+0000][8][gc,age      ] GC(3) - age   2:     868656 bytes,    1610256 total
[2022-09-12T22:08:06.688+0000][8][gc,phases   ] GC(3)   Pre Evacuate Collection Set: 0.2ms
[2022-09-12T22:08:06.690+0000][8][gc,phases   ] GC(3)   Merge Heap Roots: 0.2ms
[2022-09-12T22:08:06.693+0000][8][gc,phases   ] GC(3)   Evacuate Collection Set: 13.7ms
[2022-09-12T22:08:06.695+0000][8][gc,phases   ] GC(3)   Post Evacuate Collection Set: 0.6ms
[2022-09-12T22:08:06.698+0000][8][gc,phases   ] GC(3)   Other: 16.3ms
[2022-09-12T22:08:06.700+0000][8][gc,heap     ] GC(3) Eden regions: 7->0(26)
[2022-09-12T22:08:06.702+0000][8][gc,heap     ] GC(3) Survivor regions: 1->1(1)
[2022-09-12T22:08:06.704+0000][8][gc,heap     ] GC(3) Old regions: 2->2
[2022-09-12T22:08:06.706+0000][8][gc,heap     ] GC(3) Archive regions: 2->2
[2022-09-12T22:08:06.708+0000][8][gc,heap     ] GC(3) Humongous regions: 0->0
[2022-09-12T22:08:06.717+0000][8][gc,metaspace] GC(3) Metaspace: 14626K(14784K)->14626K(14784K) NonClass: 12971K(13056K)->12971K(13056K) Class: 1654K(1728K)->1654K(1728K)
[2022-09-12T22:08:06.719+0000][8][gc          ] GC(3) Pause Young (Normal) (G1 Evacuation Pause) 38M->11M(512M) 62.000ms
[2022-09-12T22:08:06.722+0000][8][gc,cpu      ] GC(3) User=0.06s Sys=0.02s Real=0.07s
[2022-09-12T22:08:06.724+0000][8][safepoint   ] Safepoint "G1CollectForAllocation", Time since last: 969089671 ns, Reaching safepoint: 168530 ns, At safepoint: 66497455 ns, Total: 66665985 ns
[2022-09-12T22:08:07.453+0000][8][safepoint   ] Safepoint "ICBufferFull", Time since last: 728952243 ns, Reaching safepoint: 424781 ns, At safepoint: 374560 ns, Total: 799341 ns
[2022-09-12T22:08:07.484+0000][8][safepoint   ] Safepoint "ICBufferFull", Time since last: 30673627 ns, Reaching safepoint: 84579 ns, At safepoint: 5345 ns, Total: 89924 ns
[2022-09-12T22:08:07.503+0000][8][safepoint   ] Safepoint "ICBufferFull", Time since last: 18707556 ns, Reaching safepoint: 106646 ns, At safepoint: 7024 ns, Total: 113670 ns
[2022-09-12T22:08:07.518+0000][8][safepoint   ] Safepoint "ICBufferFull", Time since last: 15619887 ns, Reaching safepoint: 82416 ns, At safepoint: 4199 ns, Total: 86615 ns
[2022-09-12T22:08:07.534+0000][8][safepoint   ] Safepoint "ICBufferFull", Time since last: 15537999 ns, Reaching safepoint: 72930 ns, At safepoint: 3508 ns, Total: 76438 ns
[2022-09-12T22:08:07.548+0000][8][safepoint   ] Safepoint "ICBufferFull", Time since last: 13976915 ns, Reaching safepoint: 120173 ns, At safepoint: 5167 ns, Total: 125340 ns
[2022-09-12T22:08:07.568+0000][8][safepoint   ] Safepoint "ICBufferFull", Time since last: 19427887 ns, Reaching safepoint: 108315 ns, At safepoint: 5083 ns, Total: 113398 ns
[2022-09-12T22:08:07.582+0000][8][safepoint   ] Safepoint "ICBufferFull", Time since last: 14024009 ns, Reaching safepoint: 526132 ns, At safepoint: 19440 ns, Total: 545572 ns
[2022-09-12T22:08:07.601+0000][8][safepoint   ] Safepoint "ICBufferFull", Time since last: 16675914 ns, Reaching safepoint: 2132801 ns, At safepoint: 12446 ns, Total: 2145247 ns
[2022-09-12T22:08:07.617+0000][8][safepoint   ] Safepoint "ICBufferFull", Time since last: 15661820 ns, Reaching safepoint: 195687 ns, At safepoint: 6853 ns, Total: 202540 ns
[2022-09-12T22:08:07.635+0000][8][safepoint   ] Safepoint "ICBufferFull", Time since last: 18247264 ns, Reaching safepoint: 248246 ns, At safepoint: 5240 ns, Total: 253486 ns
[2022-09-12T22:08:07.655+0000][8][safepoint   ] Safepoint "ICBufferFull", Time since last: 19889320 ns, Reaching safepoint: 105079 ns, At safepoint: 5680 ns, Total: 110759 ns
[2022-09-12T22:08:07.673+0000][8][safepoint   ] Safepoint "ICBufferFull", Time since last: 17200760 ns, Reaching safepoint: 139321 ns, At safepoint: 8482 ns, Total: 147803 ns
[2022-09-12T22:08:07.696+0000][8][safepoint   ] Safepoint "ICBufferFull", Time since last: 22992162 ns, Reaching safepoint: 84808 ns, At safepoint: 3667 ns, Total: 88475 ns
[2022-09-12T22:08:07.706+0000][8][safepoint   ] Safepoint "ICBufferFull", Time since last: 9839764 ns, Reaching safepoint: 205284 ns, At safepoint: 8710 ns, Total: 213994 ns
[2022-09-12T22:08:07.726+0000][8][safepoint   ] Safepoint "ICBufferFull", Time since last: 20170425 ns, Reaching safepoint: 94393 ns, At safepoint: 5375 ns, Total: 99768 ns
[2022-09-12T22:08:07.747+0000][8][safepoint   ] Safepoint "ICBufferFull", Time since last: 20341089 ns, Reaching safepoint: 145755 ns, At safepoint: 7149 ns, Total: 152904 ns
[2022-09-12T22:08:07.769+0000][8][safepoint   ] Safepoint "ICBufferFull", Time since last: 21876806 ns, Reaching safepoint: 84435 ns, At safepoint: 3335 ns, Total: 87770 ns
[2022-09-12T22:08:07.794+0000][8][safepoint   ] Safepoint "ICBufferFull", Time since last: 25496725 ns, Reaching safepoint: 78124 ns, At safepoint: 3921 ns, Total: 82045 ns
[2022-09-12T22:08:07.812+0000][8][safepoint   ] Safepoint "ICBufferFull", Time since last: 17487524 ns, Reaching safepoint: 185143 ns, At safepoint: 9928 ns, Total: 195071 ns
[2022-09-12T22:08:07.827+0000][8][safepoint   ] Safepoint "ICBufferFull", Time since last: 14923469 ns, Reaching safepoint: 167224 ns, At safepoint: 5234 ns, Total: 172458 ns
[2022-09-12T22:08:07.835+0000][8][safepoint   ] Safepoint "ICBufferFull", Time since last: 7626577 ns, Reaching safepoint: 66840 ns, At safepoint: 3328 ns, Total: 70168 ns
[2022-09-12T22:08:07.843+0000][8][safepoint   ] Safepoint "ICBufferFull", Time since last: 8539616 ns, Reaching safepoint: 90283 ns, At safepoint: 4808 ns, Total: 95091 ns
[2022-09-12T22:08:07.848+0000][8][safepoint   ] Safepoint "ICBufferFull", Time since last: 4976032 ns, Reaching safepoint: 108560 ns, At safepoint: 4888 ns, Total: 113448 ns
[2022-09-12T22:08:07.857+0000][8][safepoint   ] Safepoint "ICBufferFull", Time since last: 8827054 ns, Reaching safepoint: 148500 ns, At safepoint: 7410 ns, Total: 155910 ns
[2022-09-12T22:08:07.864+0000][8][safepoint   ] Safepoint "ICBufferFull", Time since last: 6859359 ns, Reaching safepoint: 90993 ns, At safepoint: 5243 ns, Total: 96236 ns
[2022-09-12T22:08:07.873+0000][8][safepoint   ] Safepoint "ICBufferFull", Time since last: 8558754 ns, Reaching safepoint: 190968 ns, At safepoint: 6665 ns, Total: 197633 ns
[2022-09-12T22:08:07.887+0000][8][safepoint   ] Safepoint "ICBufferFull", Time since last: 13628355 ns, Reaching safepoint: 399831 ns, At safepoint: 12362 ns, Total: 412193 ns
[2022-09-12T22:08:07.899+0000][8][safepoint   ] Safepoint "ICBufferFull", Time since last: 11231986 ns, Reaching safepoint: 240545 ns, At safepoint: 8352 ns, Total: 248897 ns
[2022-09-12T22:08:07.907+0000][8][safepoint   ] Safepoint "ICBufferFull", Time since last: 8008239 ns, Reaching safepoint: 147743 ns, At safepoint: 5450 ns, Total: 153193 ns
[2022-09-12T22:08:07.915+0000][8][safepoint   ] Safepoint "ICBufferFull", Time since last: 7430611 ns, Reaching safepoint: 905167 ns, At safepoint: 9474 ns, Total: 914641 ns
[2022-09-12T22:08:07.923+0000][8][safepoint   ] Safepoint "ICBufferFull", Time since last: 7889059 ns, Reaching safepoint: 155626 ns, At safepoint: 5626 ns, Total: 161252 ns
[2022-09-12T22:08:07.935+0000][8][safepoint   ] Safepoint "ICBufferFull", Time since last: 11517293 ns, Reaching safepoint: 256632 ns, At safepoint: 7571 ns, Total: 264203 ns
[2022-09-12T22:08:07.951+0000][8][safepoint   ] Safepoint "ICBufferFull", Time since last: 15305691 ns, Reaching safepoint: 241124 ns, At safepoint: 6351 ns, Total: 247475 ns
[2022-09-12T22:08:07.965+0000][8][safepoint   ] Safepoint "ICBufferFull", Time since last: 14085598 ns, Reaching safepoint: 231692 ns, At safepoint: 10123 ns, Total: 241815 ns
[2022-09-12T22:08:07.980+0000][8][safepoint   ] Safepoint "ICBufferFull", Time since last: 14598880 ns, Reaching safepoint: 121877 ns, At safepoint: 5800 ns, Total: 127677 ns
[2022-09-12T22:08:08.002+0000][8][safepoint   ] Safepoint "ICBufferFull", Time since last: 22530906 ns, Reaching safepoint: 120253 ns, At safepoint: 5981 ns, Total: 126234 ns
[2022-09-12T22:08:08.749+0000][8][gc,start    ] GC(4) Pause Young (Normal) (G1 Evacuation Pause)
[2022-09-12T22:08:08.753+0000][8][gc,task     ] GC(4) Using 2 workers of 2 for evacuation
[2022-09-12T22:08:08.757+0000][8][gc,age      ] GC(4) Desired survivor size 8388608 bytes, new threshold 15 (max threshold 15)
[2022-09-12T22:08:08.785+0000][8][gc,age      ] GC(4) Age table with threshold 15 (max threshold 15)
[2022-09-12T22:08:08.787+0000][8][gc,age      ] GC(4) - age   1:    3633992 bytes,    3633992 total
[2022-09-12T22:08:08.788+0000][8][gc,age      ] GC(4) - age   2:     729624 bytes,    4363616 total
[2022-09-12T22:08:08.790+0000][8][gc,age      ] GC(4) - age   3:     868144 bytes,    5231760 total
[2022-09-12T22:08:08.793+0000][8][gc,phases   ] GC(4)   Pre Evacuate Collection Set: 0.6ms
[2022-09-12T22:08:08.796+0000][8][gc,phases   ] GC(4)   Merge Heap Roots: 0.1ms
[2022-09-12T22:08:08.797+0000][8][gc,phases   ] GC(4)   Evacuate Collection Set: 19.5ms
[2022-09-12T22:08:08.799+0000][8][gc,phases   ] GC(4)   Post Evacuate Collection Set: 1.0ms
[2022-09-12T22:08:08.800+0000][8][gc,phases   ] GC(4)   Other: 23.1ms
[2022-09-12T22:08:08.806+0000][8][gc,heap     ] GC(4) Eden regions: 26->0(74)
[2022-09-12T22:08:08.808+0000][8][gc,heap     ] GC(4) Survivor regions: 1->2(4)
[2022-09-12T22:08:08.815+0000][8][gc,heap     ] GC(4) Old regions: 2->2
[2022-09-12T22:08:08.818+0000][8][gc,heap     ] GC(4) Archive regions: 2->2
[2022-09-12T22:08:08.820+0000][8][gc,heap     ] GC(4) Humongous regions: 0->0
[2022-09-12T22:08:08.821+0000][8][gc,metaspace] GC(4) Metaspace: 17756K(17984K)->17756K(17984K) NonClass: 15665K(15808K)->15665K(15808K) Class: 2090K(2176K)->2090K(2176K)
[2022-09-12T22:08:08.824+0000][8][gc          ] GC(4) Pause Young (Normal) (G1 Evacuation Pause) 115M->14M(512M) 74.578ms
[2022-09-12T22:08:08.825+0000][8][gc,cpu      ] GC(4) User=0.03s Sys=0.01s Real=0.08s
[2022-09-12T22:08:08.839+0000][8][safepoint   ] Safepoint "G1CollectForAllocation", Time since last: 746701382 ns, Reaching safepoint: 167766 ns, At safepoint: 89916213 ns, Total: 90083979 ns
[2022-09-12T22:08:10.337+0000][8][safepoint   ] Safepoint "Cleanup", Time since last: 1496453146 ns, Reaching safepoint: 1365378 ns, At safepoint: 11247 ns, Total: 1376625 ns
[2022-09-12T22:08:10.745+0000][8][gc,start    ] GC(5) Pause Young (Normal) (G1 Evacuation Pause)
[2022-09-12T22:08:10.751+0000][8][gc,task     ] GC(5) Using 2 workers of 2 for evacuation
[2022-09-12T22:08:10.753+0000][8][gc,age      ] GC(5) Desired survivor size 20971520 bytes, new threshold 15 (max threshold 15)
[2022-09-12T22:08:10.787+0000][8][gc,age      ] GC(5) Age table with threshold 15 (max threshold 15)
[2022-09-12T22:08:10.789+0000][8][gc,age      ] GC(5) - age   1:    3254840 bytes,    3254840 total
[2022-09-12T22:08:10.791+0000][8][gc,age      ] GC(5) - age   2:    2949224 bytes,    6204064 total
[2022-09-12T22:08:10.795+0000][8][gc,age      ] GC(5) - age   3:     729624 bytes,    6933688 total
[2022-09-12T22:08:10.802+0000][8][gc,age      ] GC(5) - age   4:     868144 bytes,    7801832 total
[2022-09-12T22:08:10.806+0000][8][gc,phases   ] GC(5)   Pre Evacuate Collection Set: 0.3ms
[2022-09-12T22:08:10.809+0000][8][gc,phases   ] GC(5)   Merge Heap Roots: 0.3ms
[2022-09-12T22:08:10.811+0000][8][gc,phases   ] GC(5)   Evacuate Collection Set: 30.3ms
[2022-09-12T22:08:10.821+0000][8][gc,phases   ] GC(5)   Post Evacuate Collection Set: 1.3ms
[2022-09-12T22:08:10.833+0000][8][gc,phases   ] GC(5)   Other: 28.9ms
[2022-09-12T22:08:10.837+0000][8][gc,heap     ] GC(5) Eden regions: 74->0(74)
[2022-09-12T22:08:10.838+0000][8][gc,heap     ] GC(5) Survivor regions: 2->2(10)
[2022-09-12T22:08:10.840+0000][8][gc,heap     ] GC(5) Old regions: 2->2
[2022-09-12T22:08:10.842+0000][8][gc,heap     ] GC(5) Archive regions: 2->2
[2022-09-12T22:08:10.844+0000][8][gc,heap     ] GC(5) Humongous regions: 0->0
[2022-09-12T22:08:10.847+0000][8][gc,metaspace] GC(5) Metaspace: 19021K(19392K)->19021K(19392K) NonClass: 16734K(16960K)->16734K(16960K) Class: 2286K(2432K)->2286K(2432K)
[2022-09-12T22:08:10.858+0000][8][gc          ] GC(5) Pause Young (Normal) (G1 Evacuation Pause) 310M->17M(512M) 112.262ms
[2022-09-12T22:08:10.860+0000][8][gc,cpu      ] GC(5) User=0.10s Sys=0.04s Real=0.11s
[2022-09-12T22:08:10.865+0000][8][safepoint   ] Safepoint "G1CollectForAllocation", Time since last: 408373181 ns, Reaching safepoint: 162044 ns, At safepoint: 119396122 ns, Total: 119558166 ns
[2022-09-12T22:08:11.884+0000][8][safepoint   ] Safepoint "Cleanup", Time since last: 1006330181 ns, Reaching safepoint: 12532944 ns, At safepoint: 13842 ns, Total: 12546786 ns
[2022-09-12T22:08:12.887+0000][8][safepoint   ] Safepoint "Cleanup", Time since last: 1002651442 ns, Reaching safepoint: 609955 ns, At safepoint: 9762 ns, Total: 619717 ns
[2022-09-12T22:08:13.317+0000][8][gc,start    ] GC(6) Pause Young (Normal) (G1 Evacuation Pause)
[2022-09-12T22:08:13.319+0000][8][gc,task     ] GC(6) Using 2 workers of 2 for evacuation
[2022-09-12T22:08:13.322+0000][8][gc,age      ] GC(6) Desired survivor size 20971520 bytes, new threshold 15 (max threshold 15)
[2022-09-12T22:08:13.359+0000][8][gc,age      ] GC(6) Age table with threshold 15 (max threshold 15)
[2022-09-12T22:08:13.360+0000][8][gc,age      ] GC(6) - age   1:    3268760 bytes,    3268760 total
[2022-09-12T22:08:13.361+0000][8][gc,age      ] GC(6) - age   2:    2841600 bytes,    6110360 total
[2022-09-12T22:08:13.362+0000][8][gc,age      ] GC(6) - age   3:    2944936 bytes,    9055296 total
[2022-09-12T22:08:13.364+0000][8][gc,age      ] GC(6) - age   4:     729624 bytes,    9784920 total
[2022-09-12T22:08:13.371+0000][8][gc,age      ] GC(6) - age   5:     860720 bytes,   10645640 total
[2022-09-12T22:08:13.375+0000][8][gc,phases   ] GC(6)   Pre Evacuate Collection Set: 0.2ms
[2022-09-12T22:08:13.390+0000][8][gc,phases   ] GC(6)   Merge Heap Roots: 0.3ms
[2022-09-12T22:08:13.391+0000][8][gc,phases   ] GC(6)   Evacuate Collection Set: 30.5ms
[2022-09-12T22:08:13.392+0000][8][gc,phases   ] GC(6)   Post Evacuate Collection Set: 3.7ms
[2022-09-12T22:08:13.394+0000][8][gc,phases   ] GC(6)   Other: 23.3ms
[2022-09-12T22:08:13.397+0000][8][gc,heap     ] GC(6) Eden regions: 74->0(73)
[2022-09-12T22:08:13.399+0000][8][gc,heap     ] GC(6) Survivor regions: 2->3(10)
[2022-09-12T22:08:13.400+0000][8][gc,heap     ] GC(6) Old regions: 2->2
[2022-09-12T22:08:13.403+0000][8][gc,heap     ] GC(6) Archive regions: 2->2
[2022-09-12T22:08:13.407+0000][8][gc,heap     ] GC(6) Humongous regions: 0->0
[2022-09-12T22:08:13.409+0000][8][gc,metaspace] GC(6) Metaspace: 19686K(20032K)->19686K(20032K) NonClass: 17317K(17536K)->17317K(17536K) Class: 2369K(2496K)->2369K(2496K)
[2022-09-12T22:08:13.411+0000][8][gc          ] GC(6) Pause Young (Normal) (G1 Evacuation Pause) 313M->20M(512M) 93.660ms
[2022-09-12T22:08:13.412+0000][8][gc,cpu      ] GC(6) User=0.08s Sys=0.01s Real=0.10s
[2022-09-12T22:08:13.414+0000][8][safepoint   ] Safepoint "G1CollectForAllocation", Time since last: 429774462 ns, Reaching safepoint: 118972 ns, At safepoint: 96740036 ns, Total: 96859008 ns
[2022-09-12T22:08:14.419+0000][8][safepoint   ] Safepoint "Cleanup", Time since last: 1005280547 ns, Reaching safepoint: 337723 ns, At safepoint: 8367 ns, Total: 346090 ns
[2022-09-12T22:08:15.622+0000][8][gc,start    ] GC(7) Pause Young (Normal) (G1 Evacuation Pause)
[2022-09-12T22:08:15.624+0000][8][gc,task     ] GC(7) Using 2 workers of 2 for evacuation
[2022-09-12T22:08:15.628+0000][8][gc,age      ] GC(7) Desired survivor size 20971520 bytes, new threshold 15 (max threshold 15)
[2022-09-12T22:08:15.649+0000][8][gc,age      ] GC(7) Age table with threshold 15 (max threshold 15)
[2022-09-12T22:08:15.651+0000][8][gc,age      ] GC(7) - age   1:     525000 bytes,     525000 total
[2022-09-12T22:08:15.653+0000][8][gc,age      ] GC(7) - age   2:    2354600 bytes,    2879600 total
[2022-09-12T22:08:15.654+0000][8][gc,age      ] GC(7) - age   3:    2840640 bytes,    5720240 total
[2022-09-12T22:08:15.657+0000][8][gc,age      ] GC(7) - age   4:    2944872 bytes,    8665112 total
[2022-09-12T22:08:15.658+0000][8][gc,age      ] GC(7) - age   5:     729624 bytes,    9394736 total
[2022-09-12T22:08:15.660+0000][8][gc,age      ] GC(7) - age   6:     860720 bytes,   10255456 total
[2022-09-12T22:08:15.662+0000][8][gc,phases   ] GC(7)   Pre Evacuate Collection Set: 0.1ms
[2022-09-12T22:08:15.664+0000][8][gc,phases   ] GC(7)   Merge Heap Roots: 0.3ms
[2022-09-12T22:08:15.666+0000][8][gc,phases   ] GC(7)   Evacuate Collection Set: 17.8ms
[2022-09-12T22:08:15.671+0000][8][gc,phases   ] GC(7)   Post Evacuate Collection Set: 1.8ms
[2022-09-12T22:08:15.674+0000][8][gc,phases   ] GC(7)   Other: 20.3ms
[2022-09-12T22:08:15.676+0000][8][gc,heap     ] GC(7) Eden regions: 73->0(73)
[2022-09-12T22:08:15.677+0000][8][gc,heap     ] GC(7) Survivor regions: 3->3(10)
[2022-09-12T22:08:15.679+0000][8][gc,heap     ] GC(7) Old regions: 2->2
[2022-09-12T22:08:15.682+0000][8][gc,heap     ] GC(7) Archive regions: 2->2
[2022-09-12T22:08:15.683+0000][8][gc,heap     ] GC(7) Humongous regions: 0->0
[2022-09-12T22:08:15.685+0000][8][gc,metaspace] GC(7) Metaspace: 19979K(20352K)->19979K(20352K) NonClass: 17556K(17792K)->17556K(17792K) Class: 2422K(2560K)->2422K(2560K)
[2022-09-12T22:08:15.687+0000][8][gc          ] GC(7) Pause Young (Normal) (G1 Evacuation Pause) 312M->20M(512M) 65.127ms
[2022-09-12T22:08:15.689+0000][8][gc,cpu      ] GC(7) User=0.04s Sys=0.01s Real=0.06s
[2022-09-12T22:08:15.692+0000][8][safepoint   ] Safepoint "G1CollectForAllocation", Time since last: 1202336876 ns, Reaching safepoint: 282869 ns, At safepoint: 70378109 ns, Total: 70660978 ns
[2022-09-12T22:08:16.703+0000][8][safepoint   ] Safepoint "Cleanup", Time since last: 1001934165 ns, Reaching safepoint: 9066501 ns, At safepoint: 13862 ns, Total: 9080363 ns
[2022-09-12T22:08:17.509+0000][8][gc,start    ] GC(8) Pause Young (Concurrent Start) (Metadata GC Threshold)
[2022-09-12T22:08:17.514+0000][8][gc,task     ] GC(8) Using 2 workers of 2 for evacuation
[2022-09-12T22:08:17.524+0000][8][gc,age      ] GC(8) Desired survivor size 20971520 bytes, new threshold 15 (max threshold 15)
[2022-09-12T22:08:17.614+0000][8][gc,age      ] GC(8) Age table with threshold 15 (max threshold 15)
[2022-09-12T22:08:17.616+0000][8][gc,age      ] GC(8) - age   1:    1631888 bytes,    1631888 total
[2022-09-12T22:08:17.629+0000][8][gc,age      ] GC(8) - age   2:     506480 bytes,    2138368 total
[2022-09-12T22:08:17.631+0000][8][gc,age      ] GC(8) - age   3:    2354568 bytes,    4492936 total
[2022-09-12T22:08:17.633+0000][8][gc,age      ] GC(8) - age   4:    2839472 bytes,    7332408 total
[2022-09-12T22:08:17.635+0000][8][gc,age      ] GC(8) - age   5:    2944624 bytes,   10277032 total
[2022-09-12T22:08:17.641+0000][8][gc,age      ] GC(8) - age   6:     729624 bytes,   11006656 total
[2022-09-12T22:08:17.650+0000][8][gc,age      ] GC(8) - age   7:     859984 bytes,   11866640 total
[2022-09-12T22:08:17.653+0000][8][gc,phases   ] GC(8)   Pre Evacuate Collection Set: 13.7ms
[2022-09-12T22:08:17.655+0000][8][gc,phases   ] GC(8)   Merge Heap Roots: 1.1ms
[2022-09-12T22:08:17.659+0000][8][gc,phases   ] GC(8)   Evacuate Collection Set: 69.9ms
[2022-09-12T22:08:17.661+0000][8][gc,phases   ] GC(8)   Post Evacuate Collection Set: 1.0ms
[2022-09-12T22:08:17.662+0000][8][gc,phases   ] GC(8)   Other: 58.6ms
[2022-09-12T22:08:17.664+0000][8][gc,heap     ] GC(8) Eden regions: 23->0(73)
[2022-09-12T22:08:17.665+0000][8][gc,heap     ] GC(8) Survivor regions: 3->3(10)
[2022-09-12T22:08:17.669+0000][8][gc,heap     ] GC(8) Old regions: 2->2
[2022-09-12T22:08:17.671+0000][8][gc,heap     ] GC(8) Archive regions: 2->2
[2022-09-12T22:08:17.674+0000][8][gc,heap     ] GC(8) Humongous regions: 0->0
[2022-09-12T22:08:17.676+0000][8][gc,metaspace] GC(8) Metaspace: 20822K(21248K)->20822K(21248K) NonClass: 18295K(18560K)->18295K(18560K) Class: 2527K(2688K)->2527K(2688K)
[2022-09-12T22:08:17.677+0000][8][gc          ] GC(8) Pause Young (Concurrent Start) (Metadata GC Threshold) 108M->21M(512M) 168.358ms
[2022-09-12T22:08:17.679+0000][8][gc,cpu      ] GC(8) User=0.20s Sys=0.03s Real=0.17s
[2022-09-12T22:08:17.680+0000][8][gc          ] GC(9) Concurrent Mark Cycle
[2022-09-12T22:08:17.682+0000][8][gc,marking  ] GC(9) Concurrent Clear Claimed Marks
[2022-09-12T22:08:17.685+0000][8][gc,marking  ] GC(9) Concurrent Clear Claimed Marks 2.770ms
[2022-09-12T22:08:17.688+0000][8][gc,marking  ] GC(9) Concurrent Scan Root Regions
[2022-09-12T22:08:17.680+0000][8][safepoint   ] Safepoint "CollectForMetadataAllocation", Time since last: 805561579 ns, Reaching safepoint: 168504 ns, At safepoint: 171365300 ns, Total: 171533804 ns
[2022-09-12T22:08:17.719+0000][8][gc,marking  ] GC(9) Concurrent Scan Root Regions 31.959ms
[2022-09-12T22:08:17.728+0000][8][gc,marking  ] GC(9) Concurrent Mark
[2022-09-12T22:08:17.730+0000][8][gc,marking  ] GC(9) Concurrent Mark From Roots
[2022-09-12T22:08:17.731+0000][8][gc,task     ] GC(9) Using 1 workers of 1 for marking
[2022-09-12T22:08:17.769+0000][8][gc,marking  ] GC(9) Concurrent Mark From Roots 39.379ms
[2022-09-12T22:08:17.774+0000][8][gc,marking  ] GC(9) Concurrent Preclean
[2022-09-12T22:08:17.776+0000][8][gc,marking  ] GC(9) Concurrent Preclean 2.253ms
[2022-09-12T22:08:17.779+0000][8][gc,start    ] GC(9) Pause Remark
[2022-09-12T22:08:17.806+0000][8][gc          ] GC(9) Pause Remark 27M->27M(512M) 27.060ms
[2022-09-12T22:08:17.808+0000][8][gc,cpu      ] GC(9) User=0.05s Sys=0.00s Real=0.03s
[2022-09-12T22:08:17.811+0000][8][safepoint   ] Safepoint "G1Concurrent", Time since last: 98462727 ns, Reaching safepoint: 340225 ns, At safepoint: 32008212 ns, Total: 32348437 ns
[2022-09-12T22:08:17.817+0000][8][gc,marking  ] GC(9) Concurrent Mark 89.319ms
[2022-09-12T22:08:17.830+0000][8][gc,marking  ] GC(9) Concurrent Rebuild Remembered Sets
[2022-09-12T22:08:17.847+0000][8][gc,marking  ] GC(9) Concurrent Rebuild Remembered Sets 17.415ms
[2022-09-12T22:08:17.853+0000][8][gc,start    ] GC(9) Pause Cleanup
[2022-09-12T22:08:17.855+0000][8][gc          ] GC(9) Pause Cleanup 37M->37M(512M) 1.691ms
[2022-09-12T22:08:17.857+0000][8][gc,cpu      ] GC(9) User=0.00s Sys=0.00s Real=0.00s
[2022-09-12T22:08:17.859+0000][8][safepoint   ] Safepoint "G1Concurrent", Time since last: 42163652 ns, Reaching safepoint: 196649 ns, At safepoint: 5663180 ns, Total: 5859829 ns
[2022-09-12T22:08:17.862+0000][8][gc,marking  ] GC(9) Concurrent Cleanup for Next Mark
[2022-09-12T22:08:17.864+0000][8][gc,marking  ] GC(9) Concurrent Cleanup for Next Mark 2.620ms
[2022-09-12T22:08:17.866+0000][8][gc          ] GC(9) Concurrent Mark Cycle 185.422ms
[2022-09-12T22:08:18.861+0000][8][safepoint   ] Safepoint "Cleanup", Time since last: 1001919823 ns, Reaching safepoint: 251062 ns, At safepoint: 47326 ns, Total: 298388 ns
[2022-09-12T22:08:19.149+0000][8][gc,start    ] GC(10) Pause Young (Normal) (G1 Evacuation Pause)
[2022-09-12T22:08:19.151+0000][8][gc,task     ] GC(10) Using 2 workers of 2 for evacuation
[2022-09-12T22:08:19.155+0000][8][gc,age      ] GC(10) Desired survivor size 20971520 bytes, new threshold 15 (max threshold 15)
[2022-09-12T22:08:19.191+0000][8][gc,age      ] GC(10) Age table with threshold 15 (max threshold 15)
[2022-09-12T22:08:19.199+0000][8][gc,age      ] GC(10) - age   1:    1297272 bytes,    1297272 total
[2022-09-12T22:08:19.202+0000][8][gc,age      ] GC(10) - age   2:    1596032 bytes,    2893304 total
[2022-09-12T22:08:19.204+0000][8][gc,age      ] GC(10) - age   3:     504728 bytes,    3398032 total
[2022-09-12T22:08:19.207+0000][8][gc,age      ] GC(10) - age   4:    2353960 bytes,    5751992 total
[2022-09-12T22:08:19.212+0000][8][gc,age      ] GC(10) - age   5:    2839152 bytes,    8591144 total
[2022-09-12T22:08:19.214+0000][8][gc,age      ] GC(10) - age   6:    2943328 bytes,   11534472 total
[2022-09-12T22:08:19.217+0000][8][gc,age      ] GC(10) - age   7:     729624 bytes,   12264096 total
[2022-09-12T22:08:19.223+0000][8][gc,age      ] GC(10) - age   8:     859248 bytes,   13123344 total
[2022-09-12T22:08:19.225+0000][8][gc,phases   ] GC(10)   Pre Evacuate Collection Set: 0.2ms
[2022-09-12T22:08:19.230+0000][8][gc,phases   ] GC(10)   Merge Heap Roots: 0.9ms
[2022-09-12T22:08:19.231+0000][8][gc,phases   ] GC(10)   Evacuate Collection Set: 30.0ms
[2022-09-12T22:08:19.232+0000][8][gc,phases   ] GC(10)   Post Evacuate Collection Set: 3.0ms
[2022-09-12T22:08:19.234+0000][8][gc,phases   ] GC(10)   Other: 41.9ms
[2022-09-12T22:08:19.236+0000][8][gc,heap     ] GC(10) Eden regions: 73->0(72)
[2022-09-12T22:08:19.238+0000][8][gc,heap     ] GC(10) Survivor regions: 3->4(10)
[2022-09-12T22:08:19.241+0000][8][gc,heap     ] GC(10) Old regions: 2->2
[2022-09-12T22:08:19.243+0000][8][gc,heap     ] GC(10) Archive regions: 2->2
[2022-09-12T22:08:19.251+0000][8][gc,heap     ] GC(10) Humongous regions: 0->0
[2022-09-12T22:08:19.255+0000][8][gc,metaspace] GC(10) Metaspace: 21202K(21696K)->21202K(21696K) NonClass: 18620K(18944K)->18620K(18944K) Class: 2582K(2752K)->2582K(2752K)
[2022-09-12T22:08:19.257+0000][8][gc          ] GC(10) Pause Young (Normal) (G1 Evacuation Pause) 313M->22M(512M) 107.110ms
[2022-09-12T22:08:19.260+0000][8][gc,cpu      ] GC(10) User=0.08s Sys=0.03s Real=0.11s
[2022-09-12T22:08:19.261+0000][8][safepoint   ] Safepoint "G1CollectForAllocation", Time since last: 287998527 ns, Reaching safepoint: 55590 ns, At safepoint: 111961914 ns, Total: 112017504 ns
[2022-09-12T22:08:20.263+0000][8][safepoint   ] Safepoint "Cleanup", Time since last: 1001592296 ns, Reaching safepoint: 339195 ns, At safepoint: 7976 ns, Total: 347171 ns
[2022-09-12T22:08:21.269+0000][8][safepoint   ] Safepoint "Cleanup", Time since last: 1005246511 ns, Reaching safepoint: 524342 ns, At safepoint: 9437 ns, Total: 533779 ns
[2022-09-12T22:08:22.297+0000][8][safepoint   ] Safepoint "Cleanup", Time since last: 1003827580 ns, Reaching safepoint: 24554868 ns, At safepoint: 18662 ns, Total: 24573530 ns
[2022-09-12T22:08:24.097+0000][8][safepoint   ] Safepoint "Cleanup", Time since last: 1793305683 ns, Reaching safepoint: 6058784 ns, At safepoint: 29211 ns, Total: 6087995 ns
[2022-09-12T22:08:25.106+0000][8][safepoint   ] Safepoint "Cleanup", Time since last: 1005936131 ns, Reaching safepoint: 3123981 ns, At safepoint: 13506 ns, Total: 3137487 ns
[2022-09-12T22:08:25.841+0000][8][gc,start    ] GC(11) Pause Young (Normal) (G1 Evacuation Pause)
[2022-09-12T22:08:25.844+0000][8][gc,task     ] GC(11) Using 2 workers of 2 for evacuation
[2022-09-12T22:08:25.846+0000][8][gc,age      ] GC(11) Desired survivor size 20971520 bytes, new threshold 15 (max threshold 15)
[2022-09-12T22:08:25.924+0000][8][gc,age      ] GC(11) Age table with threshold 15 (max threshold 15)
[2022-09-12T22:08:25.926+0000][8][gc,age      ] GC(11) - age   1:   12388240 bytes,   12388240 total
[2022-09-12T22:08:25.931+0000][8][gc,age      ] GC(11) - age   2:    1015208 bytes,   13403448 total
[2022-09-12T22:08:25.933+0000][8][gc,age      ] GC(11) - age   3:    1580040 bytes,   14983488 total
[2022-09-12T22:08:25.934+0000][8][gc,age      ] GC(11) - age   4:     492600 bytes,   15476088 total
[2022-09-12T22:08:25.936+0000][8][gc,age      ] GC(11) - age   5:    2335864 bytes,   17811952 total
[2022-09-12T22:08:25.939+0000][8][gc,age      ] GC(11) - age   6:    2817072 bytes,   20629024 total
[2022-09-12T22:08:25.941+0000][8][gc,age      ] GC(11) - age   7:    2896768 bytes,   23525792 total
[2022-09-12T22:08:25.943+0000][8][gc,age      ] GC(11) - age   8:     726352 bytes,   24252144 total
[2022-09-12T22:08:25.944+0000][8][gc,age      ] GC(11) - age   9:     837176 bytes,   25089320 total
[2022-09-12T22:08:25.947+0000][8][gc,phases   ] GC(11)   Pre Evacuate Collection Set: 0.2ms
[2022-09-12T22:08:25.952+0000][8][gc,phases   ] GC(11)   Merge Heap Roots: 0.2ms
[2022-09-12T22:08:25.954+0000][8][gc,phases   ] GC(11)   Evacuate Collection Set: 72.5ms
[2022-09-12T22:08:25.956+0000][8][gc,phases   ] GC(11)   Post Evacuate Collection Set: 2.5ms
[2022-09-12T22:08:25.960+0000][8][gc,phases   ] GC(11)   Other: 31.4ms
[2022-09-12T22:08:25.963+0000][8][gc,heap     ] GC(11) Eden regions: 72->0(69)
[2022-09-12T22:08:25.965+0000][8][gc,heap     ] GC(11) Survivor regions: 4->7(10)
[2022-09-12T22:08:25.967+0000][8][gc,heap     ] GC(11) Old regions: 2->2
[2022-09-12T22:08:25.970+0000][8][gc,heap     ] GC(11) Archive regions: 2->2
[2022-09-12T22:08:25.972+0000][8][gc,heap     ] GC(11) Humongous regions: 0->0
[2022-09-12T22:08:25.973+0000][8][gc,metaspace] GC(11) Metaspace: 29485K(30336K)->29485K(30336K) NonClass: 25797K(26304K)->25797K(26304K) Class: 3688K(4032K)->3688K(4032K)
[2022-09-12T22:08:25.975+0000][8][gc          ] GC(11) Pause Young (Normal) (G1 Evacuation Pause) 310M->34M(512M) 134.394ms
[2022-09-12T22:08:25.976+0000][8][gc,cpu      ] GC(11) User=0.13s Sys=0.01s Real=0.14s
[2022-09-12T22:08:25.984+0000][8][safepoint   ] Safepoint "G1CollectForAllocation", Time since last: 734478904 ns, Reaching safepoint: 97462 ns, At safepoint: 143456190 ns, Total: 143553652 ns
[2022-09-12T22:08:26.996+0000][8][safepoint   ] Safepoint "Cleanup", Time since last: 1010552056 ns, Reaching safepoint: 1232494 ns, At safepoint: 8111 ns, Total: 1240605 ns
[2022-09-12T22:08:28.004+0000][8][safepoint   ] Safepoint "Cleanup", Time since last: 1008224825 ns, Reaching safepoint: 334628 ns, At safepoint: 70469 ns, Total: 405097 ns
[2022-09-12T22:08:29.007+0000][8][safepoint   ] Safepoint "Cleanup", Time since last: 1002587799 ns, Reaching safepoint: 311300 ns, At safepoint: 65115 ns, Total: 376415 ns
[2022-09-12T22:08:30.493+0000][8][safepoint   ] Safepoint "Cleanup", Time since last: 1485193329 ns, Reaching safepoint: 416499 ns, At safepoint: 6374 ns, Total: 422873 ns
[2022-09-12T22:08:30.873+0000][8][gc,start    ] GC(12) Pause Young (Concurrent Start) (Metadata GC Threshold)
[2022-09-12T22:08:30.874+0000][8][gc,task     ] GC(12) Using 2 workers of 2 for evacuation
[2022-09-12T22:08:30.877+0000][8][gc,age      ] GC(12) Desired survivor size 20971520 bytes, new threshold 7 (max threshold 15)
[2022-09-12T22:08:31.023+0000][8][gc,age      ] GC(12) Age table with threshold 7 (max threshold 15)
[2022-09-12T22:08:31.025+0000][8][gc,age      ] GC(12) - age   1:   22128832 bytes,   22128832 total
[2022-09-12T22:08:31.027+0000][8][gc,age      ] GC(12) - age   2:   11515984 bytes,   33644816 total
[2022-09-12T22:08:31.030+0000][8][gc,age      ] GC(12) - age   3:    1015072 bytes,   34659888 total
[2022-09-12T22:08:31.032+0000][8][gc,age      ] GC(12) - age   4:    1579264 bytes,   36239152 total
[2022-09-12T22:08:31.035+0000][8][gc,age      ] GC(12) - age   5:     492568 bytes,   36731720 total
[2022-09-12T22:08:31.037+0000][8][gc,age      ] GC(12) - age   6:    2324712 bytes,   39056432 total
[2022-09-12T22:08:31.040+0000][8][gc,age      ] GC(12) - age   7:    2809760 bytes,   41866192 total
[2022-09-12T22:08:31.045+0000][8][gc,phases   ] GC(12)   Pre Evacuate Collection Set: 1.1ms
[2022-09-12T22:08:31.046+0000][8][gc,phases   ] GC(12)   Merge Heap Roots: 0.1ms
[2022-09-12T22:08:31.050+0000][8][gc,phases   ] GC(12)   Evacuate Collection Set: 138.7ms
[2022-09-12T22:08:31.052+0000][8][gc,phases   ] GC(12)   Post Evacuate Collection Set: 2.9ms
[2022-09-12T22:08:31.054+0000][8][gc,phases   ] GC(12)   Other: 29.3ms
[2022-09-12T22:08:31.056+0000][8][gc,heap     ] GC(12) Eden regions: 54->0(6)
[2022-09-12T22:08:31.059+0000][8][gc,heap     ] GC(12) Survivor regions: 7->10(10)
[2022-09-12T22:08:31.061+0000][8][gc,heap     ] GC(12) Old regions: 2->4
[2022-09-12T22:08:31.064+0000][8][gc,heap     ] GC(12) Archive regions: 2->2
[2022-09-12T22:08:31.065+0000][8][gc,heap     ] GC(12) Humongous regions: 0->0
[2022-09-12T22:08:31.066+0000][8][gc,metaspace] GC(12) Metaspace: 34755K(35648K)->34755K(35648K) NonClass: 30285K(30784K)->30285K(30784K) Class: 4470K(4864K)->4470K(4864K)
[2022-09-12T22:08:31.070+0000][8][gc          ] GC(12) Pause Young (Concurrent Start) (Metadata GC Threshold) 250M->59M(512M) 197.922ms
[2022-09-12T22:08:31.072+0000][8][gc,cpu      ] GC(12) User=0.28s Sys=0.00s Real=0.20s
[2022-09-12T22:08:31.074+0000][8][gc          ] GC(13) Concurrent Mark Cycle
[2022-09-12T22:08:31.082+0000][8][gc,marking  ] GC(13) Concurrent Clear Claimed Marks
[2022-09-12T22:08:31.084+0000][8][gc,marking  ] GC(13) Concurrent Clear Claimed Marks 2.070ms
[2022-09-12T22:08:31.085+0000][8][gc,marking  ] GC(13) Concurrent Scan Root Regions
[2022-09-12T22:08:31.083+0000][8][safepoint   ] Safepoint "CollectForMetadataAllocation", Time since last: 399304440 ns, Reaching safepoint: 79370 ns, At safepoint: 210310639 ns, Total: 210390009 ns
[2022-09-12T22:08:31.147+0000][8][safepoint   ] Safepoint "CollectForMetadataAllocation", Time since last: 63908617 ns, Reaching safepoint: 122963 ns, At safepoint: 101888 ns, Total: 224851 ns
[2022-09-12T22:08:31.216+0000][8][safepoint   ] Safepoint "CollectForMetadataAllocation", Time since last: 68588718 ns, Reaching safepoint: 104001 ns, At safepoint: 103137 ns, Total: 207138 ns
[2022-09-12T22:08:31.282+0000][8][gc,marking  ] GC(13) Concurrent Scan Root Regions 197.115ms
[2022-09-12T22:08:31.284+0000][8][gc,marking  ] GC(13) Concurrent Mark
[2022-09-12T22:08:31.286+0000][8][gc,marking  ] GC(13) Concurrent Mark From Roots
[2022-09-12T22:08:31.288+0000][8][gc,task     ] GC(13) Using 1 workers of 1 for marking
[2022-09-12T22:08:31.336+0000][8][gc,marking  ] GC(13) Concurrent Mark From Roots 49.976ms
[2022-09-12T22:08:31.337+0000][8][gc,marking  ] GC(13) Concurrent Preclean
[2022-09-12T22:08:31.340+0000][8][gc,marking  ] GC(13) Concurrent Preclean 2.227ms
[2022-09-12T22:08:31.341+0000][8][gc,start    ] GC(13) Pause Remark
[2022-09-12T22:08:31.357+0000][8][gc          ] GC(13) Pause Remark 71M->71M(512M) 15.540ms
[2022-09-12T22:08:31.359+0000][8][gc,cpu      ] GC(13) User=0.02s Sys=0.00s Real=0.01s
[2022-09-12T22:08:31.362+0000][8][safepoint   ] Safepoint "G1Concurrent", Time since last: 125057389 ns, Reaching safepoint: 551633 ns, At safepoint: 20205743 ns, Total: 20757376 ns
[2022-09-12T22:08:31.363+0000][8][gc,marking  ] GC(13) Concurrent Mark 78.738ms
[2022-09-12T22:08:31.365+0000][8][gc,marking  ] GC(13) Concurrent Rebuild Remembered Sets
[2022-09-12T22:08:31.372+0000][8][gc,start    ] GC(14) Pause Young (Normal) (G1 Evacuation Pause)
[2022-09-12T22:08:31.374+0000][8][gc,task     ] GC(14) Using 2 workers of 2 for evacuation
[2022-09-12T22:08:31.376+0000][8][gc,age      ] GC(14) Desired survivor size 4194304 bytes, new threshold 1 (max threshold 15)
[2022-09-12T22:08:31.603+0000][8][gc,age      ] GC(14) Age table with threshold 1 (max threshold 15)
[2022-09-12T22:08:31.605+0000][8][gc,age      ] GC(14) - age   1:     324352 bytes,     324352 total
[2022-09-12T22:08:31.607+0000][8][gc,mmu      ] GC(14) MMU target violated: 201.0ms (200.0ms/201.0ms)
[2022-09-12T22:08:31.609+0000][8][gc,phases   ] GC(14)   Pre Evacuate Collection Set: 0.3ms
[2022-09-12T22:08:31.611+0000][8][gc,phases   ] GC(14)   Merge Heap Roots: 0.8ms
[2022-09-12T22:08:31.613+0000][8][gc,phases   ] GC(14)   Evacuate Collection Set: 220.0ms
[2022-09-12T22:08:31.615+0000][8][gc,phases   ] GC(14)   Post Evacuate Collection Set: 4.1ms
[2022-09-12T22:08:31.618+0000][8][gc,phases   ] GC(14)   Other: 11.2ms
[2022-09-12T22:08:31.621+0000][8][gc,heap     ] GC(14) Eden regions: 3->0(75)
[2022-09-12T22:08:31.623+0000][8][gc,heap     ] GC(14) Survivor regions: 10->1(2)
[2022-09-12T22:08:31.627+0000][8][gc,heap     ] GC(14) Old regions: 4->15
[2022-09-12T22:08:31.629+0000][8][gc,heap     ] GC(14) Archive regions: 2->2
[2022-09-12T22:08:31.631+0000][8][gc,heap     ] GC(14) Humongous regions: 0->0
[2022-09-12T22:08:31.634+0000][8][gc,metaspace] GC(14) Metaspace: 35597K(36544K)->35597K(36544K) NonClass: 31065K(31616K)->31065K(31616K) Class: 4532K(4928K)->4532K(4928K)
[2022-09-12T22:08:31.637+0000][8][gc          ] GC(14) Pause Young (Normal) (G1 Evacuation Pause) 71M->65M(512M) 263.732ms
[2022-09-12T22:08:31.641+0000][8][gc,cpu      ] GC(14) User=0.47s Sys=0.00s Real=0.26s
[2022-09-12T22:08:31.643+0000][8][safepoint   ] Safepoint "G1CollectForAllocation", Time since last: 10472114 ns, Reaching safepoint: 354172 ns, At safepoint: 270229222 ns, Total: 270583394 ns
[2022-09-12T22:08:31.719+0000][8][gc,marking  ] GC(13) Concurrent Rebuild Remembered Sets 354.008ms
[2022-09-12T22:08:31.722+0000][8][gc,start    ] GC(13) Pause Cleanup
[2022-09-12T22:08:31.724+0000][8][gc          ] GC(13) Pause Cleanup 75M->75M(512M) 2.016ms
[2022-09-12T22:08:31.725+0000][8][gc,cpu      ] GC(13) User=0.00s Sys=0.00s Real=0.00s
[2022-09-12T22:08:31.728+0000][8][safepoint   ] Safepoint "G1Concurrent", Time since last: 78528991 ns, Reaching safepoint: 905753 ns, At safepoint: 5840468 ns, Total: 6746221 ns
[2022-09-12T22:08:31.730+0000][8][gc,marking  ] GC(13) Concurrent Cleanup for Next Mark
[2022-09-12T22:08:31.743+0000][8][gc,marking  ] GC(13) Concurrent Cleanup for Next Mark 13.388ms
[2022-09-12T22:08:31.745+0000][8][gc          ] GC(13) Concurrent Mark Cycle 670.791ms
[2022-09-12T22:08:32.730+0000][8][safepoint   ] Safepoint "Cleanup", Time since last: 1002035792 ns, Reaching safepoint: 193899 ns, At safepoint: 5628 ns, Total: 199527 ns
[2022-09-12T22:08:34.105+0000][8][safepoint   ] Safepoint "Cleanup", Time since last: 1371262934 ns, Reaching safepoint: 4068428 ns, At safepoint: 9775 ns, Total: 4078203 ns
[2022-09-12T22:08:35.109+0000][8][safepoint   ] Safepoint "Cleanup", Time since last: 1002525935 ns, Reaching safepoint: 570979 ns, At safepoint: 19479 ns, Total: 590458 ns
[2022-09-12T22:08:36.115+0000][8][safepoint   ] Safepoint "Cleanup", Time since last: 1005591614 ns, Reaching safepoint: 1118570 ns, At safepoint: 73543 ns, Total: 1192113 ns
[2022-09-12T22:08:37.119+0000][8][safepoint   ] Safepoint "Cleanup", Time since last: 1002805904 ns, Reaching safepoint: 346496 ns, At safepoint: 7719 ns, Total: 354215 ns
[2022-09-12T22:08:37.234+0000][8][gc,start    ] GC(15) Pause Young (Concurrent Start) (G1 Evacuation Pause)
[2022-09-12T22:08:37.236+0000][8][gc,task     ] GC(15) Using 2 workers of 2 for evacuation
[2022-09-12T22:08:37.238+0000][8][gc,age      ] GC(15) Desired survivor size 20971520 bytes, new threshold 15 (max threshold 15)
[2022-09-12T22:08:37.277+0000][8][gc,age      ] GC(15) Age table with threshold 15 (max threshold 15)
[2022-09-12T22:08:37.278+0000][8][gc,age      ] GC(15) - age   1:    6434776 bytes,    6434776 total
[2022-09-12T22:08:37.280+0000][8][gc,age      ] GC(15) - age   2:     272936 bytes,    6707712 total
[2022-09-12T22:08:37.281+0000][8][gc,phases   ] GC(15)   Pre Evacuate Collection Set: 0.7ms
[2022-09-12T22:08:37.283+0000][8][gc,phases   ] GC(15)   Merge Heap Roots: 0.5ms
[2022-09-12T22:08:37.285+0000][8][gc,phases   ] GC(15)   Evacuate Collection Set: 29.0ms
[2022-09-12T22:08:37.287+0000][8][gc,phases   ] GC(15)   Post Evacuate Collection Set: 6.8ms
[2022-09-12T22:08:37.288+0000][8][gc,phases   ] GC(15)   Other: 10.7ms
[2022-09-12T22:08:37.290+0000][8][gc,heap     ] GC(15) Eden regions: 75->0(74)
[2022-09-12T22:08:37.292+0000][8][gc,heap     ] GC(15) Survivor regions: 1->2(10)
[2022-09-12T22:08:37.293+0000][8][gc,heap     ] GC(15) Old regions: 15->15
[2022-09-12T22:08:37.295+0000][8][gc,heap     ] GC(15) Archive regions: 2->2
[2022-09-12T22:08:37.296+0000][8][gc,heap     ] GC(15) Humongous regions: 0->0
[2022-09-12T22:08:37.298+0000][8][gc,metaspace] GC(15) Metaspace: 51246K(52352K)->51246K(52352K) NonClass: 44451K(45120K)->44451K(45120K) Class: 6795K(7232K)->6795K(7232K)
[2022-09-12T22:08:37.299+0000][8][gc          ] GC(15) Pause Young (Concurrent Start) (G1 Evacuation Pause) 365M->68M(512M) 65.489ms
[2022-09-12T22:08:37.301+0000][8][gc,cpu      ] GC(15) User=0.07s Sys=0.00s Real=0.06s
[2022-09-12T22:08:37.302+0000][8][safepoint   ] Safepoint "G1CollectForAllocation", Time since last: 115094406 ns, Reaching safepoint: 157187 ns, At safepoint: 68400917 ns, Total: 68558104 ns
[2022-09-12T22:08:37.302+0000][8][gc          ] GC(16) Concurrent Mark Cycle
[2022-09-12T22:08:37.309+0000][8][gc,marking  ] GC(16) Concurrent Clear Claimed Marks
[2022-09-12T22:08:37.313+0000][8][gc,marking  ] GC(16) Concurrent Clear Claimed Marks 4.176ms
[2022-09-12T22:08:37.314+0000][8][gc,marking  ] GC(16) Concurrent Scan Root Regions
[2022-09-12T22:08:37.343+0000][8][gc,marking  ] GC(16) Concurrent Scan Root Regions 28.512ms
[2022-09-12T22:08:37.347+0000][8][gc,marking  ] GC(16) Concurrent Mark
[2022-09-12T22:08:37.352+0000][8][gc,marking  ] GC(16) Concurrent Mark From Roots
[2022-09-12T22:08:37.354+0000][8][gc,task     ] GC(16) Using 1 workers of 1 for marking
[2022-09-12T22:08:37.841+0000][8][gc,marking  ] GC(16) Concurrent Mark From Roots 489.233ms
[2022-09-12T22:08:37.843+0000][8][gc,marking  ] GC(16) Concurrent Preclean
[2022-09-12T22:08:37.845+0000][8][gc,marking  ] GC(16) Concurrent Preclean 2.203ms
[2022-09-12T22:08:37.848+0000][8][gc,start    ] GC(16) Pause Remark
[2022-09-12T22:08:37.875+0000][8][gc          ] GC(16) Pause Remark 86M->86M(512M) 27.816ms
[2022-09-12T22:08:37.877+0000][8][gc,cpu      ] GC(16) User=0.05s Sys=0.00s Real=0.03s
[2022-09-12T22:08:37.879+0000][8][safepoint   ] Safepoint "G1Concurrent", Time since last: 544073233 ns, Reaching safepoint: 1378707 ns, At safepoint: 31525305 ns, Total: 32904012 ns
[2022-09-12T22:08:37.881+0000][8][gc,marking  ] GC(16) Concurrent Mark 534.131ms
[2022-09-12T22:08:37.882+0000][8][gc,marking  ] GC(16) Concurrent Rebuild Remembered Sets
[2022-09-12T22:08:38.124+0000][8][gc,marking  ] GC(16) Concurrent Rebuild Remembered Sets 241.140ms
[2022-09-12T22:08:38.127+0000][8][gc,start    ] GC(16) Pause Cleanup
[2022-09-12T22:08:38.134+0000][8][gc          ] GC(16) Pause Cleanup 88M->88M(512M) 6.559ms
[2022-09-12T22:08:38.135+0000][8][gc,cpu      ] GC(16) User=0.00s Sys=0.00s Real=0.01s
[2022-09-12T22:08:38.137+0000][8][safepoint   ] Safepoint "G1Concurrent", Time since last: 247163091 ns, Reaching safepoint: 721312 ns, At safepoint: 10103823 ns, Total: 10825135 ns
[2022-09-12T22:08:38.142+0000][8][gc,marking  ] GC(16) Concurrent Cleanup for Next Mark
[2022-09-12T22:08:38.146+0000][8][gc,marking  ] GC(16) Concurrent Cleanup for Next Mark 4.709ms
[2022-09-12T22:08:38.148+0000][8][gc          ] GC(16) Concurrent Mark Cycle 845.904ms
[2022-09-12T22:08:39.835+0000][8][safepoint   ] Safepoint "Cleanup", Time since last: 1696730633 ns, Reaching safepoint: 788774 ns, At safepoint: 78308 ns, Total: 867082 ns
[2022-09-12T22:08:41.870+0000][8][safepoint   ] Safepoint "Cleanup", Time since last: 2015501217 ns, Reaching safepoint: 19877021 ns, At safepoint: 12642 ns, Total: 19889663 ns
[2022-09-12T22:08:42.898+0000][8][safepoint   ] Safepoint "Cleanup", Time since last: 1014948871 ns, Reaching safepoint: 12506683 ns, At safepoint: 16265 ns, Total: 12522948 ns
[2022-09-12T22:08:44.110+0000][8][safepoint   ] Safepoint "Cleanup", Time since last: 1210655493 ns, Reaching safepoint: 2043681 ns, At safepoint: 16663 ns, Total: 2060344 ns
[2022-09-12T22:08:45.117+0000][8][safepoint   ] Safepoint "Cleanup", Time since last: 1006424844 ns, Reaching safepoint: 487525 ns, At safepoint: 9966 ns, Total: 497491 ns
[2022-09-12T22:08:46.125+0000][8][safepoint   ] Safepoint "Cleanup", Time since last: 1003079578 ns, Reaching safepoint: 4853030 ns, At safepoint: 96116 ns, Total: 4949146 ns
[2022-09-12T22:08:47.211+0000][8][safepoint   ] Safepoint "Cleanup", Time since last: 1085200468 ns, Reaching safepoint: 198425 ns, At safepoint: 47742 ns, Total: 246167 ns
[2022-09-12T22:08:48.214+0000][8][safepoint   ] Safepoint "Cleanup", Time since last: 1002743169 ns, Reaching safepoint: 626742 ns, At safepoint: 10788 ns, Total: 637530 ns
[2022-09-12T22:08:49.382+0000][8][safepoint   ] Safepoint "Cleanup", Time since last: 1167526035 ns, Reaching safepoint: 556474 ns, At safepoint: 72304 ns, Total: 628778 ns
[2022-09-12T22:08:50.420+0000][8][safepoint   ] Safepoint "Cleanup", Time since last: 1036784841 ns, Reaching safepoint: 451164 ns, At safepoint: 56671 ns, Total: 507835 ns
[2022-09-12T22:08:50.589+0000][8][gc,start    ] GC(17) Pause Young (Normal) (G1 Evacuation Pause)
[2022-09-12T22:08:50.593+0000][8][gc,task     ] GC(17) Using 2 workers of 2 for evacuation
[2022-09-12T22:08:50.596+0000][8][gc,age      ] GC(17) Desired survivor size 20971520 bytes, new threshold 15 (max threshold 15)
[2022-09-12T22:08:50.680+0000][8][gc,age      ] GC(17) Age table with threshold 15 (max threshold 15)
[2022-09-12T22:08:50.682+0000][8][gc,age      ] GC(17) - age   1:   16146736 bytes,   16146736 total
[2022-09-12T22:08:50.684+0000][8][gc,age      ] GC(17) - age   2:    5562408 bytes,   21709144 total
[2022-09-12T22:08:50.685+0000][8][gc,age      ] GC(17) - age   3:     272248 bytes,   21981392 total
[2022-09-12T22:08:50.687+0000][8][gc,phases   ] GC(17)   Pre Evacuate Collection Set: 0.3ms
[2022-09-12T22:08:50.688+0000][8][gc,phases   ] GC(17)   Merge Heap Roots: 0.5ms
[2022-09-12T22:08:50.690+0000][8][gc,phases   ] GC(17)   Evacuate Collection Set: 74.2ms
[2022-09-12T22:08:50.692+0000][8][gc,phases   ] GC(17)   Post Evacuate Collection Set: 6.4ms
[2022-09-12T22:08:50.696+0000][8][gc,phases   ] GC(17)   Other: 16.3ms
[2022-09-12T22:08:50.697+0000][8][gc,heap     ] GC(17) Eden regions: 74->0(57)
[2022-09-12T22:08:50.698+0000][8][gc,heap     ] GC(17) Survivor regions: 2->6(10)
[2022-09-12T22:08:50.700+0000][8][gc,heap     ] GC(17) Old regions: 15->15
[2022-09-12T22:08:50.704+0000][8][gc,heap     ] GC(17) Archive regions: 2->2
[2022-09-12T22:08:50.705+0000][8][gc,heap     ] GC(17) Humongous regions: 0->0
[2022-09-12T22:08:50.707+0000][8][gc,metaspace] GC(17) Metaspace: 84503K(85824K)->84503K(85824K) NonClass: 72966K(73728K)->72966K(73728K) Class: 11536K(12096K)->11536K(12096K)
[2022-09-12T22:08:50.709+0000][8][gc          ] GC(17) Pause Young (Normal) (G1 Evacuation Pause) 364M->82M(512M) 119.433ms
[2022-09-12T22:08:50.711+0000][8][gc,cpu      ] GC(17) User=0.16s Sys=0.00s Real=0.13s
[2022-09-12T22:08:50.719+0000][8][safepoint   ] Safepoint "G1CollectForAllocation", Time since last: 169793113 ns, Reaching safepoint: 78227 ns, At safepoint: 129343217 ns, Total: 129421444 ns
[2022-09-12T22:08:51.981+0000][8][safepoint   ] Safepoint "Cleanup", Time since last: 1261741486 ns, Reaching safepoint: 255453 ns, At safepoint: 8435 ns, Total: 263888 ns
[2022-09-12T22:08:52.540+0000][8][gc,start    ] GC(18) Pause Young (Concurrent Start) (Metadata GC Threshold)
[2022-09-12T22:08:52.544+0000][8][gc,task     ] GC(18) Using 2 workers of 2 for evacuation
[2022-09-12T22:08:52.547+0000][8][gc,age      ] GC(18) Desired survivor size 16777216 bytes, new threshold 2 (max threshold 15)
[2022-09-12T22:08:52.628+0000][8][gc,age      ] GC(18) Age table with threshold 2 (max threshold 15)
[2022-09-12T22:08:52.633+0000][8][gc,age      ] GC(18) - age   1:     466624 bytes,     466624 total
[2022-09-12T22:08:52.635+0000][8][gc,age      ] GC(18) - age   2:   15909000 bytes,   16375624 total
[2022-09-12T22:08:52.637+0000][8][gc,phases   ] GC(18)   Pre Evacuate Collection Set: 1.7ms
[2022-09-12T22:08:52.639+0000][8][gc,phases   ] GC(18)   Merge Heap Roots: 0.5ms
[2022-09-12T22:08:52.641+0000][8][gc,phases   ] GC(18)   Evacuate Collection Set: 74.5ms
[2022-09-12T22:08:52.642+0000][8][gc,phases   ] GC(18)   Post Evacuate Collection Set: 2.5ms
[2022-09-12T22:08:52.646+0000][8][gc,phases   ] GC(18)   Other: 17.5ms
[2022-09-12T22:08:52.648+0000][8][gc,heap     ] GC(18) Eden regions: 6->0(72)
[2022-09-12T22:08:52.650+0000][8][gc,heap     ] GC(18) Survivor regions: 6->4(8)
[2022-09-12T22:08:52.653+0000][8][gc,heap     ] GC(18) Old regions: 15->16
[2022-09-12T22:08:52.656+0000][8][gc,heap     ] GC(18) Archive regions: 2->2
[2022-09-12T22:08:52.658+0000][8][gc,heap     ] GC(18) Humongous regions: 0->0
[2022-09-12T22:08:52.660+0000][8][gc,metaspace] GC(18) Metaspace: 86845K(88128K)->86845K(88128K) NonClass: 75018K(75776K)->75018K(75776K) Class: 11827K(12352K)->11827K(12352K)
[2022-09-12T22:08:52.663+0000][8][gc          ] GC(18) Pause Young (Concurrent Start) (Metadata GC Threshold) 104M->82M(512M) 122.788ms
[2022-09-12T22:08:52.665+0000][8][gc,cpu      ] GC(18) User=0.15s Sys=0.01s Real=0.13s
[2022-09-12T22:08:52.668+0000][8][gc          ] GC(19) Concurrent Mark Cycle
[2022-09-12T22:08:52.686+0000][8][safepoint   ] Safepoint "CollectForMetadataAllocation", Time since last: 559408048 ns, Reaching safepoint: 209480 ns, At safepoint: 145212131 ns, Total: 145421611 ns
[2022-09-12T22:08:52.688+0000][8][gc,marking  ] GC(19) Concurrent Clear Claimed Marks
[2022-09-12T22:08:52.699+0000][8][gc,marking  ] GC(19) Concurrent Clear Claimed Marks 12.200ms
[2022-09-12T22:08:52.701+0000][8][gc,marking  ] GC(19) Concurrent Scan Root Regions
[2022-09-12T22:08:52.839+0000][8][gc,marking  ] GC(19) Concurrent Scan Root Regions 138.257ms
[2022-09-12T22:08:52.841+0000][8][gc,marking  ] GC(19) Concurrent Mark
[2022-09-12T22:08:52.842+0000][8][gc,marking  ] GC(19) Concurrent Mark From Roots
[2022-09-12T22:08:52.846+0000][8][gc,task     ] GC(19) Using 1 workers of 1 for marking
[2022-09-12T22:08:53.435+0000][8][gc,marking  ] GC(19) Concurrent Mark From Roots 592.795ms
[2022-09-12T22:08:53.437+0000][8][gc,marking  ] GC(19) Concurrent Preclean
[2022-09-12T22:08:53.441+0000][8][gc,marking  ] GC(19) Concurrent Preclean 3.714ms
[2022-09-12T22:08:53.445+0000][8][gc,start    ] GC(19) Pause Remark
[2022-09-12T22:08:53.469+0000][8][gc          ] GC(19) Pause Remark 92M->92M(512M) 23.939ms
[2022-09-12T22:08:53.470+0000][8][gc,cpu      ] GC(19) User=0.04s Sys=0.00s Real=0.02s
[2022-09-12T22:08:53.472+0000][8][safepoint   ] Safepoint "G1Concurrent", Time since last: 758162647 ns, Reaching safepoint: 792565 ns, At safepoint: 27932033 ns, Total: 28724598 ns
[2022-09-12T22:08:53.476+0000][8][gc,marking  ] GC(19) Concurrent Mark 633.721ms
[2022-09-12T22:08:53.477+0000][8][gc,marking  ] GC(19) Concurrent Rebuild Remembered Sets
[2022-09-12T22:08:54.011+0000][8][gc,marking  ] GC(19) Concurrent Rebuild Remembered Sets 534.128ms
[2022-09-12T22:08:54.015+0000][8][gc,start    ] GC(19) Pause Cleanup
[2022-09-12T22:08:54.018+0000][8][gc          ] GC(19) Pause Cleanup 102M->102M(512M) 2.983ms
[2022-09-12T22:08:54.020+0000][8][gc,cpu      ] GC(19) User=0.00s Sys=0.01s Real=0.00s
[2022-09-12T22:08:54.030+0000][8][safepoint   ] Safepoint "G1Concurrent", Time since last: 541929978 ns, Reaching safepoint: 814245 ns, At safepoint: 14996366 ns, Total: 15810611 ns
[2022-09-12T22:08:54.034+0000][8][gc,marking  ] GC(19) Concurrent Cleanup for Next Mark
[2022-09-12T22:08:54.051+0000][8][gc,marking  ] GC(19) Concurrent Cleanup for Next Mark 17.000ms
[2022-09-12T22:08:54.053+0000][8][gc          ] GC(19) Concurrent Mark Cycle 1385.427ms
[2022-09-12T22:08:55.212+0000][8][safepoint   ] Safepoint "Cleanup", Time since last: 1181595407 ns, Reaching safepoint: 508086 ns, At safepoint: 77409 ns, Total: 585495 ns
[2022-09-12T22:08:56.233+0000][8][safepoint   ] Safepoint "Cleanup", Time since last: 1016664115 ns, Reaching safepoint: 4191119 ns, At safepoint: 86157 ns, Total: 4277276 ns
[2022-09-12T22:08:57.237+0000][8][safepoint   ] Safepoint "Cleanup", Time since last: 1002540661 ns, Reaching safepoint: 1042833 ns, At safepoint: 67105 ns, Total: 1109938 ns
[2022-09-12T22:08:58.241+0000][8][safepoint   ] Safepoint "Cleanup", Time since last: 1003682355 ns, Reaching safepoint: 186007 ns, At safepoint: 7196 ns, Total: 193203 ns
[2022-09-12T22:08:59.245+0000][8][safepoint   ] Safepoint "Cleanup", Time since last: 1003456288 ns, Reaching safepoint: 740151 ns, At safepoint: 330941 ns, Total: 1071092 ns
[2022-09-12T22:09:00.248+0000][8][safepoint   ] Safepoint "Cleanup", Time since last: 1002155463 ns, Reaching safepoint: 258041 ns, At safepoint: 7289 ns, Total: 265330 ns
[2022-09-12T22:09:01.229+0000][8][safepoint   ] Safepoint "Cleanup", Time since last: 1002141420 ns, Reaching safepoint: 771578 ns, At safepoint: 102679 ns, Total: 874257 ns
[2022-09-12T22:09:02.233+0000][8][safepoint   ] Safepoint "Cleanup", Time since last: 1001699050 ns, Reaching safepoint: 1515790 ns, At safepoint: 160322 ns, Total: 1676112 ns
[2022-09-12T22:09:03.235+0000][8][safepoint   ] Safepoint "Cleanup", Time since last: 1002372052 ns, Reaching safepoint: 454268 ns, At safepoint: 17300 ns, Total: 471568 ns
[2022-09-12T22:09:04.244+0000][8][safepoint   ] Safepoint "Cleanup", Time since last: 1003506443 ns, Reaching safepoint: 4845424 ns, At safepoint: 260440 ns, Total: 5105864 ns
[2022-09-12T22:09:05.397+0000][8][safepoint   ] Safepoint "Cleanup", Time since last: 1151768269 ns, Reaching safepoint: 1068479 ns, At safepoint: 19381 ns, Total: 1087860 ns
[2022-09-12T22:09:06.403+0000][8][safepoint   ] Safepoint "Cleanup", Time since last: 1003964499 ns, Reaching safepoint: 1822684 ns, At safepoint: 22756 ns, Total: 1845440 ns
[2022-09-12T22:09:07.405+0000][8][safepoint   ] Safepoint "Cleanup", Time since last: 1002185153 ns, Reaching safepoint: 183227 ns, At safepoint: 14229 ns, Total: 197456 ns
[2022-09-12T22:09:08.408+0000][8][safepoint   ] Safepoint "Cleanup", Time since last: 1002281327 ns, Reaching safepoint: 144583 ns, At safepoint: 6414 ns, Total: 150997 ns
[2022-09-12T22:09:09.410+0000][8][safepoint   ] Safepoint "Cleanup", Time since last: 1002262467 ns, Reaching safepoint: 332219 ns, At safepoint: 69214 ns, Total: 401433 ns
[2022-09-12T22:09:10.413+0000][8][safepoint   ] Safepoint "Cleanup", Time since last: 1002353258 ns, Reaching safepoint: 187746 ns, At safepoint: 10622 ns, Total: 198368 ns
[2022-09-12T22:09:11.417+0000][8][safepoint   ] Safepoint "Cleanup", Time since last: 1004162900 ns, Reaching safepoint: 136244 ns, At safepoint: 7663 ns, Total: 143907 ns
[2022-09-12T22:09:12.422+0000][8][safepoint   ] Safepoint "Cleanup", Time since last: 1004931840 ns, Reaching safepoint: 76801 ns, At safepoint: 4009 ns, Total: 80810 ns
[2022-09-12T22:09:13.426+0000][8][safepoint   ] Safepoint "Cleanup", Time since last: 1004094424 ns, Reaching safepoint: 95201 ns, At safepoint: 6386 ns, Total: 101587 ns
[2022-09-12T22:09:14.429+0000][8][safepoint   ] Safepoint "Cleanup", Time since last: 1002159667 ns, Reaching safepoint: 150302 ns, At safepoint: 7880 ns, Total: 158182 ns
[2022-09-12T22:09:17.436+0000][8][safepoint   ] Safepoint "Cleanup", Time since last: 3006812080 ns, Reaching safepoint: 159914 ns, At safepoint: 9048 ns, Total: 168962 ns
[2022-09-12T22:09:22.444+0000][8][safepoint   ] Safepoint "Cleanup", Time since last: 5008096073 ns, Reaching safepoint: 191005 ns, At safepoint: 16232 ns, Total: 207237 ns
[2022-09-12T22:09:24.448+0000][8][safepoint   ] Safepoint "Cleanup", Time since last: 2004310656 ns, Reaching safepoint: 275847 ns, At safepoint: 12436 ns, Total: 288283 ns
[2022-09-12T22:09:29.456+0000][8][safepoint   ] Safepoint "Cleanup", Time since last: 5006983227 ns, Reaching safepoint: 240814 ns, At safepoint: 12554 ns, Total: 253368 ns
[2022-09-12T22:09:37.445+0000][8][safepoint   ] Safepoint "Cleanup", Time since last: 8010435506 ns, Reaching safepoint: 193938 ns, At safepoint: 11085 ns, Total: 205023 ns
[2022-09-12T22:09:38.453+0000][8][safepoint   ] Safepoint "Cleanup", Time since last: 1007809546 ns, Reaching safepoint: 133191 ns, At safepoint: 15302 ns, Total: 148493 ns
[2022-09-12T22:09:40.458+0000][8][safepoint   ] Safepoint "Cleanup", Time since last: 2004859140 ns, Reaching safepoint: 148314 ns, At safepoint: 23887 ns, Total: 172201 ns
[2022-09-12T22:09:42.462+0000][8][safepoint   ] Safepoint "Cleanup", Time since last: 2004184672 ns, Reaching safepoint: 185886 ns, At safepoint: 6935 ns, Total: 192821 ns
[2022-09-12T22:09:43.466+0000][8][safepoint   ] Safepoint "Cleanup", Time since last: 1003864833 ns, Reaching safepoint: 151784 ns, At safepoint: 8937 ns, Total: 160721 ns
[2022-09-12T22:09:44.469+0000][8][safepoint   ] Safepoint "Cleanup", Time since last: 1002764784 ns, Reaching safepoint: 249706 ns, At safepoint: 15975 ns, Total: 265681 ns
[2022-09-12T22:09:52.482+0000][8][safepoint   ] Safepoint "Cleanup", Time since last: 8012700904 ns, Reaching safepoint: 162858 ns, At safepoint: 5132 ns, Total: 167990 ns
[2022-09-12T22:09:54.490+0000][8][safepoint   ] Safepoint "Cleanup", Time since last: 2007436941 ns, Reaching safepoint: 426766 ns, At safepoint: 16652 ns, Total: 443418 ns
[2022-09-12T22:10:07.480+0000][8][safepoint   ] Safepoint "Cleanup", Time since last: 13010347417 ns, Reaching safepoint: 339216 ns, At safepoint: 16433 ns, Total: 355649 ns
[2022-09-12T22:10:08.483+0000][8][safepoint   ] Safepoint "Cleanup", Time since last: 1002857897 ns, Reaching safepoint: 86420 ns, At safepoint: 11360 ns, Total: 97780 ns
[2022-09-12T22:10:12.499+0000][8][safepoint   ] Safepoint "Cleanup", Time since last: 4015463888 ns, Reaching safepoint: 120833 ns, At safepoint: 9224 ns, Total: 130057 ns
[2022-09-12T22:10:13.503+0000][8][safepoint   ] Safepoint "Cleanup", Time since last: 1004158258 ns, Reaching safepoint: 88623 ns, At safepoint: 7641 ns, Total: 96264 ns
[2022-09-12T22:10:21.523+0000][8][safepoint   ] Safepoint "Cleanup", Time since last: 8019611150 ns, Reaching safepoint: 87181 ns, At safepoint: 7032 ns, Total: 94213 ns
[2022-09-12T22:10:24.529+0000][8][safepoint   ] Safepoint "Cleanup", Time since last: 3005865761 ns, Reaching safepoint: 188003 ns, At safepoint: 11610 ns, Total: 199613 ns
[2022-09-12T22:10:33.518+0000][8][safepoint   ] Safepoint "Cleanup", Time since last: 9011589059 ns, Reaching safepoint: 214696 ns, At safepoint: 8588 ns, Total: 223284 ns
[2022-09-12T22:10:54.582+0000][8][safepoint   ] Safepoint "Cleanup", Time since last: 21063954805 ns, Reaching safepoint: 93912 ns, At safepoint: 5583 ns, Total: 99495 ns
[2022-09-12T22:10:57.590+0000][8][safepoint   ] Safepoint "Cleanup", Time since last: 3008088655 ns, Reaching safepoint: 73434 ns, At safepoint: 5280 ns, Total: 78714 ns
[2022-09-12T22:11:09.619+0000][8][safepoint   ] Safepoint "Cleanup", Time since last: 12047711610 ns, Reaching safepoint: 139299 ns, At safepoint: 6826 ns, Total: 146125 ns
[2022-09-12T22:11:21.803+0000][8][safepoint   ] Safepoint "Cleanup", Time since last: 12182953859 ns, Reaching safepoint: 1391604 ns, At safepoint: 5975 ns, Total: 1397579 ns
[2022-09-12T22:11:26.823+0000][8][safepoint   ] Safepoint "Cleanup", Time since last: 5019496572 ns, Reaching safepoint: 381524 ns, At safepoint: 11783 ns, Total: 393307 ns
[2022-09-12T22:11:28.833+0000][8][safepoint   ] Safepoint "Cleanup", Time since last: 2009364290 ns, Reaching safepoint: 375471 ns, At safepoint: 27410 ns, Total: 402881 ns
[2022-09-12T22:11:36.819+0000][8][safepoint   ] Safepoint "Cleanup", Time since last: 8007839630 ns, Reaching safepoint: 49363 ns, At safepoint: 113873 ns, Total: 163236 ns
[2022-09-12T22:11:40.826+0000][8][safepoint   ] Safepoint "Cleanup", Time since last: 4007250204 ns, Reaching safepoint: 100606 ns, At safepoint: 5927 ns, Total: 106533 ns
[2022-09-12T22:11:41.829+0000][8][safepoint   ] Safepoint "Cleanup", Time since last: 1002029019 ns, Reaching safepoint: 683098 ns, At safepoint: 56856 ns, Total: 739954 ns
[2022-09-12T22:11:42.832+0000][8][safepoint   ] Safepoint "Cleanup", Time since last: 1003361262 ns, Reaching safepoint: 85054 ns, At safepoint: 3598 ns, Total: 88652 ns
[2022-09-12T22:11:43.835+0000][8][safepoint   ] Safepoint "Cleanup", Time since last: 1002296985 ns, Reaching safepoint: 106017 ns, At safepoint: 215685 ns, Total: 321702 ns
[2022-09-12T22:11:50.843+0000][8][safepoint   ] Safepoint "Cleanup", Time since last: 7008025698 ns, Reaching safepoint: 160346 ns, At safepoint: 11323 ns, Total: 171669 ns
[2022-09-12T22:11:54.854+0000][8][safepoint   ] Safepoint "Cleanup", Time since last: 4010415280 ns, Reaching safepoint: 85384 ns, At safepoint: 7320 ns, Total: 92704 ns
[2022-09-12T22:12:02.847+0000][8][safepoint   ] Safepoint "Cleanup", Time since last: 8017468698 ns, Reaching safepoint: 212006 ns, At safepoint: 14745 ns, Total: 226751 ns
[2022-09-12T22:12:05.863+0000][8][safepoint   ] Safepoint "Cleanup", Time since last: 3015437838 ns, Reaching safepoint: 119424 ns, At safepoint: 10918 ns, Total: 130342 ns
[2022-09-12T22:12:07.882+0000][8][safepoint   ] Safepoint "Cleanup", Time since last: 2019217331 ns, Reaching safepoint: 268956 ns, At safepoint: 14379 ns, Total: 283335 ns
[2022-09-12T22:12:20.906+0000][8][safepoint   ] Safepoint "Cleanup", Time since last: 13023991447 ns, Reaching safepoint: 83371 ns, At safepoint: 6921 ns, Total: 90292 ns
[2022-09-12T22:12:23.917+0000][8][safepoint   ] Safepoint "Cleanup", Time since last: 3009281658 ns, Reaching safepoint: 1112919 ns, At safepoint: 27001 ns, Total: 1139920 ns
[2022-09-12T22:12:53.956+0000][8][safepoint   ] Safepoint "Cleanup", Time since last: 30062200297 ns, Reaching safepoint: 507880 ns, At safepoint: 13828 ns, Total: 521708 ns
[2022-09-12T22:13:17.178+0000][8][gc,start    ] GC(20) Pause Young (Normal) (G1 Evacuation Pause)
[2022-09-12T22:13:17.194+0000][8][gc,task     ] GC(20) Using 2 workers of 2 for evacuation
[2022-09-12T22:13:17.212+0000][8][gc,age      ] GC(20) Desired survivor size 20971520 bytes, new threshold 15 (max threshold 15)
[2022-09-12T22:13:17.567+0000][8][gc,age      ] GC(20) Age table with threshold 15 (max threshold 15)
[2022-09-12T22:13:17.571+0000][8][gc,age      ] GC(20) - age   1:    7483616 bytes,    7483616 total
[2022-09-12T22:13:17.572+0000][8][gc,age      ] GC(20) - age   2:     423736 bytes,    7907352 total
[2022-09-12T22:13:17.573+0000][8][gc,age      ] GC(20) - age   3:   15686664 bytes,   23594016 total
[2022-09-12T22:13:17.575+0000][8][gc,mmu      ] GC(20) MMU target violated: 201.0ms (200.0ms/201.0ms)
[2022-09-12T22:13:17.576+0000][8][gc,phases   ] GC(20)   Pre Evacuate Collection Set: 6.7ms
[2022-09-12T22:13:17.577+0000][8][gc,phases   ] GC(20)   Merge Heap Roots: 4.1ms
[2022-09-12T22:13:17.577+0000][8][gc,phases   ] GC(20)   Evacuate Collection Set: 334.3ms
[2022-09-12T22:13:17.578+0000][8][gc,phases   ] GC(20)   Post Evacuate Collection Set: 11.6ms
[2022-09-12T22:13:17.579+0000][8][gc,phases   ] GC(20)   Other: 40.8ms
[2022-09-12T22:13:17.580+0000][8][gc,heap     ] GC(20) Eden regions: 72->0(1)
[2022-09-12T22:13:17.581+0000][8][gc,heap     ] GC(20) Survivor regions: 4->6(10)
[2022-09-12T22:13:17.582+0000][8][gc,heap     ] GC(20) Old regions: 16->16
[2022-09-12T22:13:17.585+0000][8][gc,heap     ] GC(20) Archive regions: 2->2
[2022-09-12T22:13:17.587+0000][8][gc,heap     ] GC(20) Humongous regions: 2->2
[2022-09-12T22:13:17.589+0000][8][gc,metaspace] GC(20) Metaspace: 96104K(97536K)->96104K(97536K) NonClass: 83084K(83904K)->83084K(83904K) Class: 13020K(13632K)->13020K(13632K)
[2022-09-12T22:13:17.590+0000][8][gc          ] GC(20) Pause Young (Normal) (G1 Evacuation Pause) 378M->98M(512M) 411.530ms
[2022-09-12T22:13:17.591+0000][8][gc,cpu      ] GC(20) User=0.67s Sys=0.01s Real=0.42s
[2022-09-12T22:13:17.599+0000][8][safepoint   ] Safepoint "G1CollectForAllocation", Time since last: 23237040113 ns, Reaching safepoint: 61254 ns, At safepoint: 420949373 ns, Total: 421010627 ns
[2022-09-12T22:13:23.608+0000][8][safepoint   ] Safepoint "Cleanup", Time since last: 6009194006 ns, Reaching safepoint: 115439 ns, At safepoint: 5741 ns, Total: 121180 ns
[2022-09-12T22:13:24.613+0000][8][safepoint   ] Safepoint "Cleanup", Time since last: 1004247396 ns, Reaching safepoint: 419994 ns, At safepoint: 9042 ns, Total: 429036 ns
[2022-09-12T22:13:27.639+0000][8][gc,start    ] GC(21) Pause Young (Normal) (G1 Evacuation Pause)
[2022-09-12T22:13:27.656+0000][8][gc,task     ] GC(21) Using 2 workers of 2 for evacuation
[2022-09-12T22:13:27.658+0000][8][gc,age      ] GC(21) Desired survivor size 2097152 bytes, new threshold 1 (max threshold 15)
[2022-09-12T22:13:27.755+0000][8][gc,age      ] GC(21) Age table with threshold 1 (max threshold 15)
[2022-09-12T22:13:27.757+0000][8][gc,age      ] GC(21) - age   1:      20024 bytes,      20024 total
[2022-09-12T22:13:27.758+0000][8][gc,phases   ] GC(21)   Pre Evacuate Collection Set: 0.1ms
[2022-09-12T22:13:27.763+0000][8][gc,phases   ] GC(21)   Merge Heap Roots: 0.1ms
[2022-09-12T22:13:27.768+0000][8][gc,phases   ] GC(21)   Evacuate Collection Set: 91.9ms
[2022-09-12T22:13:27.769+0000][8][gc,phases   ] GC(21)   Post Evacuate Collection Set: 1.7ms
[2022-09-12T22:13:27.770+0000][8][gc,phases   ] GC(21)   Other: 25.3ms
[2022-09-12T22:13:27.771+0000][8][gc,heap     ] GC(21) Eden regions: 1->0(73)
[2022-09-12T22:13:27.771+0000][8][gc,heap     ] GC(21) Survivor regions: 6->1(1)
[2022-09-12T22:13:27.773+0000][8][gc,heap     ] GC(21) Old regions: 16->22
[2022-09-12T22:13:27.774+0000][8][gc,heap     ] GC(21) Archive regions: 2->2
[2022-09-12T22:13:27.779+0000][8][gc,heap     ] GC(21) Humongous regions: 2->2
[2022-09-12T22:13:27.784+0000][8][gc,metaspace] GC(21) Metaspace: 96107K(97536K)->96107K(97536K) NonClass: 83087K(83904K)->83087K(83904K) Class: 13020K(13632K)->13020K(13632K)
[2022-09-12T22:13:27.787+0000][8][gc          ] GC(21) Pause Young (Normal) (G1 Evacuation Pause) 102M->101M(512M) 147.426ms
[2022-09-12T22:13:27.789+0000][8][gc,cpu      ] GC(21) User=0.19s Sys=0.01s Real=0.15s
[2022-09-12T22:13:27.792+0000][8][safepoint   ] Safepoint "G1CollectForAllocation", Time since last: 3026398384 ns, Reaching safepoint: 303211 ns, At safepoint: 152205036 ns, Total: 152508247 ns
[2022-09-12T22:13:49.811+0000][8][safepoint   ] Safepoint "Cleanup", Time since last: 22043760803 ns, Reaching safepoint: 784374 ns, At safepoint: 19307 ns, Total: 803681 ns
[2022-09-12T22:14:58.873+0000][8][safepoint   ] Safepoint "Cleanup", Time since last: 69104360647 ns, Reaching safepoint: 234763 ns, At safepoint: 7129 ns, Total: 241892 ns
[2022-09-12T22:15:20.900+0000][8][safepoint   ] Safepoint "Cleanup", Time since last: 22046333964 ns, Reaching safepoint: 847970 ns, At safepoint: 44793 ns, Total: 892763 ns
[2022-09-12T22:16:03.939+0000][8][safepoint   ] Safepoint "Cleanup", Time since last: 43080958991 ns, Reaching safepoint: 160058 ns, At safepoint: 5357 ns, Total: 165415 ns
[2022-09-12T22:16:20.967+0000][8][safepoint   ] Safepoint "Cleanup", Time since last: 17027981650 ns, Reaching safepoint: 147748 ns, At safepoint: 5567 ns, Total: 153315 ns
[2022-09-12T22:16:21.970+0000][8][safepoint   ] Safepoint "Cleanup", Time since last: 1003395259 ns, Reaching safepoint: 173517 ns, At safepoint: 10404 ns, Total: 183921 ns
[2022-09-12T22:16:23.979+0000][8][safepoint   ] Safepoint "Cleanup", Time since last: 2008725818 ns, Reaching safepoint: 113929 ns, At safepoint: 7233 ns, Total: 121162 ns
[2022-09-12T22:16:24.984+0000][8][safepoint   ] Safepoint "Cleanup", Time since last: 1004472901 ns, Reaching safepoint: 48919 ns, At safepoint: 3665 ns, Total: 52584 ns
[2022-09-12T22:16:32.978+0000][8][safepoint   ] Safepoint "Cleanup", Time since last: 8016103443 ns, Reaching safepoint: 154297 ns, At safepoint: 4982 ns, Total: 159279 ns
[2022-09-12T22:17:03.990+0000][8][safepoint   ] Safepoint "Cleanup", Time since last: 31034061201 ns, Reaching safepoint: 126567 ns, At safepoint: 4032 ns, Total: 130599 ns
[2022-09-12T22:17:09.013+0000][8][safepoint   ] Safepoint "Cleanup", Time since last: 5022642701 ns, Reaching safepoint: 204125 ns, At safepoint: 3496 ns, Total: 207621 ns
[2022-09-12T22:17:24.050+0000][8][safepoint   ] Safepoint "Cleanup", Time since last: 15037351435 ns, Reaching safepoint: 141015 ns, At safepoint: 6846 ns, Total: 147861 ns
[2022-09-12T22:17:28.075+0000][8][safepoint   ] Safepoint "Cleanup", Time since last: 4020893616 ns, Reaching safepoint: 4008908 ns, At safepoint: 18589 ns, Total: 4027497 ns
[2022-09-12T22:17:54.152+0000][8][safepoint   ] Safepoint "Cleanup", Time since last: 26096027516 ns, Reaching safepoint: 371275 ns, At safepoint: 4873 ns, Total: 376148 ns
[2022-09-12T22:18:24.215+0000][8][safepoint   ] Safepoint "Cleanup", Time since last: 30079524954 ns, Reaching safepoint: 416789 ns, At safepoint: 8035 ns, Total: 424824 ns
[2022-09-12T22:18:35.215+0000][8][safepoint   ] Safepoint "Cleanup", Time since last: 11028101435 ns, Reaching safepoint: 103185 ns, At safepoint: 4602 ns, Total: 107787 ns
[2022-09-12T22:19:24.278+0000][8][safepoint   ] Safepoint "Cleanup", Time since last: 49081553871 ns, Reaching safepoint: 1430225 ns, At safepoint: 9377 ns, Total: 1439602 ns
[2022-09-12T22:19:26.306+0000][8][safepoint   ] Safepoint "Cleanup", Time since last: 2027600407 ns, Reaching safepoint: 110913 ns, At safepoint: 8598 ns, Total: 119511 ns
[2022-09-12T22:19:30.310+0000][8][safepoint   ] Safepoint "Cleanup", Time since last: 4003774818 ns, Reaching safepoint: 64102 ns, At safepoint: 4145 ns, Total: 68247 ns
[2022-09-12T22:19:43.330+0000][8][safepoint   ] Safepoint "Cleanup", Time since last: 13031216701 ns, Reaching safepoint: 627923 ns, At safepoint: 31646 ns, Total: 659569 ns
[2022-09-12T22:19:54.343+0000][8][safepoint   ] Safepoint "Cleanup", Time since last: 11012832788 ns, Reaching safepoint: 168597 ns, At safepoint: 6486 ns, Total: 175083 ns
[2022-09-12T22:20:20.349+0000][8][safepoint   ] Safepoint "Cleanup", Time since last: 26041006599 ns, Reaching safepoint: 141237 ns, At safepoint: 6965 ns, Total: 148202 ns
[2022-09-12T22:20:24.360+0000][8][safepoint   ] Safepoint "Cleanup", Time since last: 4011704886 ns, Reaching safepoint: 86435 ns, At safepoint: 7111 ns, Total: 93546 ns
[2022-09-12T22:20:49.397+0000][8][safepoint   ] Safepoint "Cleanup", Time since last: 25044443587 ns, Reaching safepoint: 657855 ns, At safepoint: 14724 ns, Total: 672579 ns
[2022-09-12T22:21:55.474+0000][8][safepoint   ] Safepoint "Cleanup", Time since last: 66121535770 ns, Reaching safepoint: 98798 ns, At safepoint: 6542 ns, Total: 105340 ns
[2022-09-12T22:22:00.471+0000][8][safepoint   ] Safepoint "Cleanup", Time since last: 5009347998 ns, Reaching safepoint: 3901761 ns, At safepoint: 69207 ns, Total: 3970968 ns
[2022-09-12T22:22:25.510+0000][8][safepoint   ] Safepoint "Cleanup", Time since last: 25038625795 ns, Reaching safepoint: 312659 ns, At safepoint: 19097 ns, Total: 331756 ns
[2022-09-12T22:23:53.607+0000][8][safepoint   ] Safepoint "Cleanup", Time since last: 88165614750 ns, Reaching safepoint: 63124 ns, At safepoint: 4686 ns, Total: 67810 ns
[2022-09-12T22:23:55.611+0000][8][safepoint   ] Safepoint "Cleanup", Time since last: 2004047139 ns, Reaching safepoint: 62013 ns, At safepoint: 3814 ns, Total: 65827 ns
[2022-09-12T22:25:24.725+0000][8][safepoint   ] Safepoint "Cleanup", Time since last: 89179072008 ns, Reaching safepoint: 239072 ns, At safepoint: 48861 ns, Total: 287933 ns
[2022-09-12T22:25:47.770+0000][8][safepoint   ] Safepoint "Cleanup", Time since last: 23064123574 ns, Reaching safepoint: 77524 ns, At safepoint: 10342 ns, Total: 87866 ns
[2022-09-12T22:25:54.676+0000][8][gc,start    ] GC(22) Pause Young (Normal) (G1 Evacuation Pause)
[2022-09-12T22:25:54.678+0000][8][gc,task     ] GC(22) Using 2 workers of 2 for evacuation
[2022-09-12T22:25:54.679+0000][8][gc,age      ] GC(22) Desired survivor size 20971520 bytes, new threshold 15 (max threshold 15)
[2022-09-12T22:25:54.715+0000][8][gc,age      ] GC(22) Age table with threshold 15 (max threshold 15)
[2022-09-12T22:25:54.716+0000][8][gc,age      ] GC(22) - age   1:      29696 bytes,      29696 total
[2022-09-12T22:25:54.716+0000][8][gc,age      ] GC(22) - age   2:      15744 bytes,      45440 total
[2022-09-12T22:25:54.717+0000][8][gc,phases   ] GC(22)   Pre Evacuate Collection Set: 1.7ms
[2022-09-12T22:25:54.718+0000][8][gc,phases   ] GC(22)   Merge Heap Roots: 1.0ms
[2022-09-12T22:25:54.719+0000][8][gc,phases   ] GC(22)   Evacuate Collection Set: 23.9ms
[2022-09-12T22:25:54.719+0000][8][gc,phases   ] GC(22)   Post Evacuate Collection Set: 8.4ms
[2022-09-12T22:25:54.720+0000][8][gc,phases   ] GC(22)   Other: 6.3ms
[2022-09-12T22:25:54.721+0000][8][gc,heap     ] GC(22) Eden regions: 73->0(60)
[2022-09-12T22:25:54.722+0000][8][gc,heap     ] GC(22) Survivor regions: 1->1(10)
[2022-09-12T22:25:54.723+0000][8][gc,heap     ] GC(22) Old regions: 22->22
[2022-09-12T22:25:54.724+0000][8][gc,heap     ] GC(22) Archive regions: 2->2
[2022-09-12T22:25:54.725+0000][8][gc,heap     ] GC(22) Humongous regions: 2->2
[2022-09-12T22:25:54.726+0000][8][gc,metaspace] GC(22) Metaspace: 96185K(97600K)->96185K(97600K) NonClass: 83157K(83968K)->83157K(83968K) Class: 13027K(13632K)->13027K(13632K)
[2022-09-12T22:25:54.727+0000][8][gc          ] GC(22) Pause Young (Normal) (G1 Evacuation Pause) 393M->98M(512M) 51.130ms
[2022-09-12T22:25:54.728+0000][8][gc,cpu      ] GC(22) User=0.06s Sys=0.00s Real=0.05s
[2022-09-12T22:25:54.729+0000][8][safepoint   ] Safepoint "G1CollectForAllocation", Time since last: 6906000149 ns, Reaching safepoint: 192618 ns, At safepoint: 53280825 ns, Total: 53473443 ns
[2022-09-12T22:25:55.736+0000][8][safepoint   ] Safepoint "Cleanup", Time since last: 1006846659 ns, Reaching safepoint: 74195 ns, At safepoint: 5356 ns, Total: 79551 ns
[2022-09-12T22:26:32.774+0000][8][safepoint   ] Safepoint "Cleanup", Time since last: 37083643295 ns, Reaching safepoint: 444543 ns, At safepoint: 34667 ns, Total: 479210 ns
[2022-09-12T22:27:20.844+0000][8][safepoint   ] Safepoint "Cleanup", Time since last: 48088610562 ns, Reaching safepoint: 615166 ns, At safepoint: 20870 ns, Total: 636036 ns
[2022-09-12T22:28:05.877+0000][8][safepoint   ] Safepoint "Cleanup", Time since last: 45078637699 ns, Reaching safepoint: 208502 ns, At safepoint: 9454 ns, Total: 217956 ns
[2022-09-12T22:29:55.005+0000][8][safepoint   ] Safepoint "Cleanup", Time since last: 109188619685 ns, Reaching safepoint: 116025 ns, At safepoint: 3810 ns, Total: 119835 ns
[2022-09-12T22:30:55.094+0000][8][safepoint   ] Safepoint "Cleanup", Time since last: 60134378249 ns, Reaching safepoint: 233089 ns, At safepoint: 8432 ns, Total: 241521 ns
[2022-09-12T22:31:01.104+0000][8][safepoint   ] Safepoint "Cleanup", Time since last: 6029425872 ns, Reaching safepoint: 134489 ns, At safepoint: 16391 ns, Total: 150880 ns
[2022-09-12T22:31:47.163+0000][8][safepoint   ] Safepoint "Cleanup", Time since last: 46080889337 ns, Reaching safepoint: 290480 ns, At safepoint: 26409 ns, Total: 316889 ns
[2022-09-12T22:31:55.180+0000][8][safepoint   ] Safepoint "Cleanup", Time since last: 8016836581 ns, Reaching safepoint: 78836 ns, At safepoint: 6213 ns, Total: 85049 ns
[2022-09-12T22:32:25.215+0000][8][safepoint   ] Safepoint "Cleanup", Time since last: 30056942431 ns, Reaching safepoint: 128219 ns, At safepoint: 6065 ns, Total: 134284 ns
[2022-09-12T22:32:52.228+0000][8][safepoint   ] Safepoint "Cleanup", Time since last: 27035484027 ns, Reaching safepoint: 245868 ns, At safepoint: 11317 ns, Total: 257185 ns
[2022-09-12T22:33:15.246+0000][8][safepoint   ] Safepoint "Cleanup", Time since last: 23037805277 ns, Reaching safepoint: 844529 ns, At safepoint: 16295 ns, Total: 860824 ns
[2022-09-12T22:33:25.263+0000][8][safepoint   ] Safepoint "Cleanup", Time since last: 10016990624 ns, Reaching safepoint: 90520 ns, At safepoint: 5892 ns, Total: 96412 ns
[2022-09-12T22:33:26.266+0000][8][safepoint   ] Safepoint "Cleanup", Time since last: 1003378643 ns, Reaching safepoint: 52747 ns, At safepoint: 4506 ns, Total: 57253 ns
[2022-09-12T22:33:31.273+0000][8][safepoint   ] Safepoint "Cleanup", Time since last: 5027123888 ns, Reaching safepoint: 157800 ns, At safepoint: 18265 ns, Total: 176065 ns
[2022-09-12T22:33:44.313+0000][8][safepoint   ] Safepoint "Cleanup", Time since last: 13040450251 ns, Reaching safepoint: 79758 ns, At safepoint: 6642 ns, Total: 86400 ns
[2022-09-12T22:35:55.566+0000][8][safepoint   ] Safepoint "Cleanup", Time since last: 131314169200 ns, Reaching safepoint: 164251 ns, At safepoint: 9601 ns, Total: 173852 ns
[2022-09-12T22:36:13.743+0000][8][gc,start    ] GC(23) Pause Young (Normal) (G1 Evacuation Pause)
[2022-09-12T22:36:13.747+0000][8][gc,task     ] GC(23) Using 2 workers of 2 for evacuation
[2022-09-12T22:36:13.749+0000][8][gc,age      ] GC(23) Desired survivor size 16777216 bytes, new threshold 15 (max threshold 15)
[2022-09-12T22:36:13.760+0000][8][gc,age      ] GC(23) Age table with threshold 15 (max threshold 15)
[2022-09-12T22:36:13.760+0000][8][gc,age      ] GC(23) - age   1:      11496 bytes,      11496 total
[2022-09-12T22:36:13.761+0000][8][gc,age      ] GC(23) - age   2:      15168 bytes,      26664 total
[2022-09-12T22:36:13.762+0000][8][gc,age      ] GC(23) - age   3:      15744 bytes,      42408 total
[2022-09-12T22:36:13.763+0000][8][gc,phases   ] GC(23)   Pre Evacuate Collection Set: 0.4ms
[2022-09-12T22:36:13.764+0000][8][gc,phases   ] GC(23)   Merge Heap Roots: 0.1ms
[2022-09-12T22:36:13.765+0000][8][gc,phases   ] GC(23)   Evacuate Collection Set: 4.5ms
[2022-09-12T22:36:13.765+0000][8][gc,phases   ] GC(23)   Post Evacuate Collection Set: 3.5ms
[2022-09-12T22:36:13.766+0000][8][gc,phases   ] GC(23)   Other: 11.4ms
[2022-09-12T22:36:13.767+0000][8][gc,heap     ] GC(23) Eden regions: 60->0(75)
[2022-09-12T22:36:13.768+0000][8][gc,heap     ] GC(23) Survivor regions: 1->1(8)
[2022-09-12T22:36:13.769+0000][8][gc,heap     ] GC(23) Old regions: 22->22
[2022-09-12T22:36:13.770+0000][8][gc,heap     ] GC(23) Archive regions: 2->2
[2022-09-12T22:36:13.771+0000][8][gc,heap     ] GC(23) Humongous regions: 2->2
[2022-09-12T22:36:13.772+0000][8][gc,metaspace] GC(23) Metaspace: 96229K(97600K)->96229K(97600K) NonClass: 83201K(83968K)->83201K(83968K) Class: 13027K(13632K)->13027K(13632K)
[2022-09-12T22:36:13.772+0000][8][gc          ] GC(23) Pause Young (Normal) (G1 Evacuation Pause) 338M->97M(512M) 29.336ms
[2022-09-12T22:36:13.773+0000][8][gc,cpu      ] GC(23) User=0.01s Sys=0.00s Real=0.03s
[2022-09-12T22:36:13.774+0000][8][safepoint   ] Safepoint "G1CollectForAllocation", Time since last: 18199229949 ns, Reaching safepoint: 321013 ns, At safepoint: 31327375 ns, Total: 31648388 ns
[2022-09-12T22:36:54.829+0000][8][safepoint   ] Safepoint "Cleanup", Time since last: 41072760867 ns, Reaching safepoint: 551726 ns, At safepoint: 27889 ns, Total: 579615 ns
[2022-09-12T22:37:54.888+0000][8][safepoint   ] Safepoint "Cleanup", Time since last: 60105274592 ns, Reaching safepoint: 369595 ns, At safepoint: 11644 ns, Total: 381239 ns
[2022-09-12T22:38:29.927+0000][8][safepoint   ] Safepoint "Cleanup", Time since last: 35058538064 ns, Reaching safepoint: 162316 ns, At safepoint: 5952 ns, Total: 168268 ns
[2022-09-12T22:39:24.998+0000][8][safepoint   ] Safepoint "Cleanup", Time since last: 55114683268 ns, Reaching safepoint: 81460 ns, At safepoint: 3429 ns, Total: 84889 ns
[2022-09-12T22:39:32.991+0000][8][safepoint   ] Safepoint "Cleanup", Time since last: 8013697362 ns, Reaching safepoint: 77392 ns, At safepoint: 6145 ns, Total: 83537 ns
[2022-09-12T22:41:25.156+0000][8][safepoint   ] Safepoint "Cleanup", Time since last: 112229305803 ns, Reaching safepoint: 209089 ns, At safepoint: 8671 ns, Total: 217760 ns
[2022-09-12T22:41:55.182+0000][8][safepoint   ] Safepoint "Cleanup", Time since last: 30045963529 ns, Reaching safepoint: 131008 ns, At safepoint: 13338 ns, Total: 144346 ns
[2022-09-12T22:43:25.338+0000][8][safepoint   ] Safepoint "Cleanup", Time since last: 90219707052 ns, Reaching safepoint: 141069 ns, At safepoint: 14327 ns, Total: 155396 ns
[2022-09-12T22:45:14.430+0000][8][safepoint   ] Safepoint "Cleanup", Time since last: 109176642215 ns, Reaching safepoint: 147776 ns, At safepoint: 7023 ns, Total: 154799 ns
[2022-09-12T22:46:15.494+0000][8][safepoint   ] Safepoint "Cleanup", Time since last: 61106290327 ns, Reaching safepoint: 134409 ns, At safepoint: 6639 ns, Total: 141048 ns
